Archive member included to satisfy reference by file (symbol)

.\CortexM3\ARM_GCC_541\Debug\MoonRider.a(Left_Button.o)
                              .\CortexM3\ARM_GCC_541\Debug\main.o (Left_Button_Read)
.\CortexM3\ARM_GCC_541\Debug\MoonRider.a(Right_Button.o)
                              .\CortexM3\ARM_GCC_541\Debug\main.o (Right_Button_Read)
.\CortexM3\ARM_GCC_541\Debug\MoonRider.a(PWM_1.o)
                              .\CortexM3\ARM_GCC_541\Debug\main.o (PWM_1_Enable)
.\CortexM3\ARM_GCC_541\Debug\MoonRider.a(PWM_2.o)
                              .\CortexM3\ARM_GCC_541\Debug\main.o (PWM_2_Enable)
.\CortexM3\ARM_GCC_541\Debug\MoonRider.a(UART_1.o)
                              .\CortexM3\ARM_GCC_541\Debug\main.o (UART_1_Start)
.\CortexM3\ARM_GCC_541\Debug\MoonRider.a(Timer_1.o)
                              .\CortexM3\ARM_GCC_541\Debug\main.o (Timer_1_ReadStatusRegister)
.\CortexM3\ARM_GCC_541\Debug\MoonRider.a(UART_1_IntClock.o)
                              .\CortexM3\ARM_GCC_541\Debug\MoonRider.a(UART_1.o) (UART_1_IntClock_Start)
.\CortexM3\ARM_GCC_541\Debug\MoonRider.a(CyLib.o)
                              .\CortexM3\ARM_GCC_541\Debug\Cm3Start.o (CyHalt)
.\CortexM3\ARM_GCC_541\Debug\MoonRider.a(cyPm.o)
                              .\CortexM3\ARM_GCC_541\Debug\MoonRider.a(CyLib.o) (CyPmReadStatus)
.\CortexM3\ARM_GCC_541\Debug\MoonRider.a(CyBootAsmGnu.o)
                              .\CortexM3\ARM_GCC_541\Debug\cyfitter_cfg.o (CyDelayCycles)
.\CortexM3\ARM_GCC_541\Debug\MoonRider.a(CyFlash.o)
                              .\CortexM3\ARM_GCC_541\Debug\MoonRider.a(cyPm.o) (CyFlash_SetWaitCycles)
.\CortexM3\ARM_GCC_541\Debug\MoonRider.a(CySpc.o)
                              .\CortexM3\ARM_GCC_541\Debug\MoonRider.a(CyFlash.o) (CySpcStart)
c:/program files (x86)/cypress/psoc creator/4.4/psoc creator/import/gnu/arm/5.4.1/bin/../lib/gcc/arm-none-eabi/5.4.1/../../../../arm-none-eabi/lib/armv7-m\libg_nano.a(lib_a-errno.o)
                              .\CortexM3\ARM_GCC_541\Debug\Cm3Start.o (__errno)
c:/program files (x86)/cypress/psoc creator/4.4/psoc creator/import/gnu/arm/5.4.1/bin/../lib/gcc/arm-none-eabi/5.4.1/../../../../arm-none-eabi/lib/armv7-m\libg_nano.a(lib_a-exit.o)
                              c:/program files (x86)/cypress/psoc creator/4.4/psoc creator/import/gnu/arm/5.4.1/bin/../lib/gcc/arm-none-eabi/5.4.1/../../../../arm-none-eabi/lib/armv7-m/crt0.o (exit)
c:/program files (x86)/cypress/psoc creator/4.4/psoc creator/import/gnu/arm/5.4.1/bin/../lib/gcc/arm-none-eabi/5.4.1/../../../../arm-none-eabi/lib/armv7-m\libg_nano.a(lib_a-fclose.o)
                              .\CortexM3\ARM_GCC_541\Debug\uart_driver.o (fclose)
c:/program files (x86)/cypress/psoc creator/4.4/psoc creator/import/gnu/arm/5.4.1/bin/../lib/gcc/arm-none-eabi/5.4.1/../../../../arm-none-eabi/lib/armv7-m\libg_nano.a(lib_a-fflush.o)
                              c:/program files (x86)/cypress/psoc creator/4.4/psoc creator/import/gnu/arm/5.4.1/bin/../lib/gcc/arm-none-eabi/5.4.1/../../../../arm-none-eabi/lib/armv7-m\libg_nano.a(lib_a-fclose.o) (__sflush_r)
c:/program files (x86)/cypress/psoc creator/4.4/psoc creator/import/gnu/arm/5.4.1/bin/../lib/gcc/arm-none-eabi/5.4.1/../../../../arm-none-eabi/lib/armv7-m\libg_nano.a(lib_a-findfp.o)
                              c:/program files (x86)/cypress/psoc creator/4.4/psoc creator/import/gnu/arm/5.4.1/bin/../lib/gcc/arm-none-eabi/5.4.1/../../../../arm-none-eabi/lib/armv7-m\libg_nano.a(lib_a-fclose.o) (__sinit)
c:/program files (x86)/cypress/psoc creator/4.4/psoc creator/import/gnu/arm/5.4.1/bin/../lib/gcc/arm-none-eabi/5.4.1/../../../../arm-none-eabi/lib/armv7-m\libg_nano.a(lib_a-fopen.o)
                              .\CortexM3\ARM_GCC_541\Debug\uart_driver.o (fopen)
c:/program files (x86)/cypress/psoc creator/4.4/psoc creator/import/gnu/arm/5.4.1/bin/../lib/gcc/arm-none-eabi/5.4.1/../../../../arm-none-eabi/lib/armv7-m\libg_nano.a(lib_a-fprintf.o)
                              .\CortexM3\ARM_GCC_541\Debug\uart_driver.o (fprintf)
c:/program files (x86)/cypress/psoc creator/4.4/psoc creator/import/gnu/arm/5.4.1/bin/../lib/gcc/arm-none-eabi/5.4.1/../../../../arm-none-eabi/lib/armv7-m\libg_nano.a(lib_a-fseek.o)
                              c:/program files (x86)/cypress/psoc creator/4.4/psoc creator/import/gnu/arm/5.4.1/bin/../lib/gcc/arm-none-eabi/5.4.1/../../../../arm-none-eabi/lib/armv7-m\libg_nano.a(lib_a-fopen.o) (_fseek_r)
c:/program files (x86)/cypress/psoc creator/4.4/psoc creator/import/gnu/arm/5.4.1/bin/../lib/gcc/arm-none-eabi/5.4.1/../../../../arm-none-eabi/lib/armv7-m\libg_nano.a(lib_a-fseeko.o)
                              c:/program files (x86)/cypress/psoc creator/4.4/psoc creator/import/gnu/arm/5.4.1/bin/../lib/gcc/arm-none-eabi/5.4.1/../../../../arm-none-eabi/lib/armv7-m\libg_nano.a(lib_a-fseek.o) (_fseeko_r)
[...]
Memory Configuration

Name             Origin             Length             Attributes
rom              0x00000000         0x00040000         xr
ram              0x1fff8000         0x00010000         xrw
*default*        0x00000000         0xffffffff

Linker script and memory map

LOAD c:/program files (x86)/cypress/psoc creator/4.4/psoc creator/import/gnu/arm/5.4.1/bin/../lib/gcc/arm-none-eabi/5.4.1/armv7-m/crti.o
LOAD c:/program files (x86)/cypress/psoc creator/4.4/psoc creator/import/gnu/arm/5.4.1/bin/../lib/gcc/arm-none-eabi/5.4.1/armv7-m/crtbegin.o
LOAD c:/program files (x86)/cypress/psoc creator/4.4/psoc creator/import/gnu/arm/5.4.1/bin/../lib/gcc/arm-none-eabi/5.4.1/../../../../arm-none-eabi/lib/armv7-m/crt0.o
START GROUP
LOAD .\CortexM3\ARM_GCC_541\Debug\main.o
LOAD .\CortexM3\ARM_GCC_541\Debug\gpio_driver.o
LOAD .\CortexM3\ARM_GCC_541\Debug\uart_driver.o
LOAD .\CortexM3\ARM_GCC_541\Debug\pwm_driver.o
LOAD .\CortexM3\ARM_GCC_541\Debug\timer_driver.o
LOAD .\CortexM3\ARM_GCC_541\Debug\scheduler.o
LOAD .\CortexM3\ARM_GCC_541\Debug\indicator_control_model.o
LOAD .\CortexM3\ARM_GCC_541\Debug\cyfitter_cfg.o
LOAD .\CortexM3\ARM_GCC_541\Debug\cymetadata.o
LOAD .\CortexM3\ARM_GCC_541\Debug\Cm3Start.o
LOAD .\CortexM3\ARM_GCC_541\Debug\MoonRider.a
LOAD C:\Program Files (x86)\Cypress\PSoC Creator\4.4\PSoC Creator\psoc\content\cycomponentlibrary\CyComponentLibrary.cylib\CortexM3\ARM_GCC_541\Debug\CyComponentLibrary.a
END GROUP
START GROUP
LOAD c:/program files (x86)/cypress/psoc creator/4.4/psoc creator/import/gnu/arm/5.4.1/bin/../lib/gcc/arm-none-eabi/5.4.1/armv7-m\libgcc.a
LOAD c:/program files (x86)/cypress/psoc creator/4.4/psoc creator/import/gnu/arm/5.4.1/bin/../lib/gcc/arm-none-eabi/5.4.1/../../../../arm-none-eabi/lib/armv7-m\libg_nano.a
LOAD c:/program files (x86)/cypress/psoc creator/4.4/psoc creator/import/gnu/arm/5.4.1/bin/../lib/gcc/arm-none-eabi/5.4.1/../../../../arm-none-eabi/lib/armv7-m\libc_nano.a
END GROUP
START GROUP
LOAD c:/program files (x86)/cypress/psoc creator/4.4/psoc creator/import/gnu/arm/5.4.1/bin/../lib/gcc/arm-none-eabi/5.4.1/armv7-m\libgcc.a
LOAD c:/program files (x86)/cypress/psoc creator/4.4/psoc creator/import/gnu/arm/5.4.1/bin/../lib/gcc/arm-none-eabi/5.4.1/../../../../arm-none-eabi/lib/armv7-m\libc_nano.a
END GROUP
LOAD c:/program files (x86)/cypress/psoc creator/4.4/psoc creator/import/gnu/arm/5.4.1/bin/../lib/gcc/arm-none-eabi/5.4.1/armv7-m/crtend.o
LOAD c:/program files (x86)/cypress/psoc creator/4.4/psoc creator/import/gnu/arm/5.4.1/bin/../lib/gcc/arm-none-eabi/5.4.1/armv7-m/crtn.o
START GROUP
LOAD c:/program files (x86)/cypress/psoc creator/4.4/psoc creator/import/gnu/arm/5.4.1/bin/../lib/gcc/arm-none-eabi/5.4.1/armv7-m\libgcc.a
LOAD c:/program files (x86)/cypress/psoc creator/4.4/psoc creator/import/gnu/arm/5.4.1/bin/../lib/gcc/arm-none-eabi/5.4.1/../../../../arm-none-eabi/lib/armv7-m\libc.a
LOAD c:/program files (x86)/cypress/psoc creator/4.4/psoc creator/import/gnu/arm/5.4.1/bin/../lib/gcc/arm-none-eabi/5.4.1/../../../../arm-none-eabi/lib/armv7-m\libnosys.a
END GROUP
                0x00000000                CY_APPL_ORIGIN = 0x0
                0x00000100                CY_FLASH_ROW_SIZE = 0x100
                0x00000020                CY_ECC_ROW_SIZE = 0x20
                0x00000000                CY_EE_IN_BTLDR = 0x0
                0x00000000                CY_APPL_LOADABLE = 0x0
                0x00000800                CY_EE_SIZE = 0x800
                0x00000001                CY_APPL_NUM = 0x1
                0x00000001                CY_APPL_MAX = 0x1
                0x00000040                CY_METADATA_SIZE = 0x40
                0x00000000                CY_APPL_LOADABLE = 0x0
                0x00000000                CY_CHECKSUM_EXCLUDE_SIZE = ALIGN (0x0, CY_FLASH_ROW_SIZE)
                [!provide]                PROVIDE (__cy_heap_start, _end)
                0x00000001                PROVIDE (__cy_region_num, ((__cy_regions_end - __cy_regions) / 0x10))
                0x20008000                PROVIDE (__cy_stack, (ORIGIN (ram) + LENGTH (ram)))
                [!provide]                PROVIDE (__cy_heap_end, (__cy_stack - 0x800))

.cybootloader   0x00000000        0x0
 *(.cybootloader)
                0x00000000                appl1_start = CY_APPL_ORIGIN?CY_APPL_ORIGIN:ALIGN (CY_FLASH_ROW_SIZE)
                0x0001ff00                appl2_start = (appl1_start + ALIGN ((((LENGTH (rom) - appl1_start) - (0x2 * CY_FLASH_ROW_SIZE)) / 0x2), CY_FLASH_ROW_SIZE))
                0x00000000                appl_start = (CY_APPL_NUM == 0x1)?appl1_start:appl2_start
                0x00000000                ecc_offset = ((appl_start / CY_FLASH_ROW_SIZE) * CY_ECC_ROW_SIZE)
                0x00000000                ee_offset = (CY_APPL_LOADABLE && ! (CY_EE_IN_BTLDR))?((CY_EE_SIZE / CY_APPL_MAX) * (CY_APPL_NUM - 0x1)):0x0
                0x00000800                ee_size = (CY_APPL_LOADABLE && ! (CY_EE_IN_BTLDR))?(CY_EE_SIZE / CY_APPL_MAX):CY_EE_SIZE
                [!provide]                PROVIDE (CY_ECC_OFFSET, ecc_offset)

.text           0x00000000      0x9be
 CREATE_OBJECT_SYMBOLS
                0x00000000                PROVIDE (__cy_interrupt_vector, RomVectors)
 *(.romvectors)
 .romvectors    0x00000000       0x10 .\CortexM3\ARM_GCC_541\Debug\Cm3Start.o
                0x00000000                RomVectors
                0x00000001                ASSERT ((. != __cy_interrupt_vector), No interrupt vector)
                0x00000001                ASSERT (CY_APPL_ORIGIN?(SIZEOF (.cybootloader) <= CY_APPL_ORIGIN):0x1, Wrong image location)
                0x00000010                PROVIDE (__cy_reset, Reset)
 *(.text.Reset)
 .text.Reset    0x00000010       0x18 .\CortexM3\ARM_GCC_541\Debug\Cm3Start.o
                0x00000010                Reset
                0x00000001                ASSERT ((. != __cy_reset), No reset code)
 *(.dma_init)
                0x00000001                ASSERT ((((appl_start + .) <= 0x10000) || 0x1), DMA Init must be within the first 64k of flash)
 *(.text .text.* .gnu.linkonce.t.*)
 .text          0x00000028       0x5c c:/program files (x86)/cypress/psoc creator/4.4/psoc creator/import/gnu/arm/5.4.1/bin/../lib/gcc/arm-none-eabi/5.4.1/armv7-m/crtbegin.o
 .text.main     0x00000084       0xb0 .\CortexM3\ARM_GCC_541\Debug\main.o
                0x00000084                main
 .text.indicator_control_model_step
                0x00000134      0x130 .\CortexM3\ARM_GCC_541\Debug\indicator_control_model.o
                0x00000134                indicator_control_model_step
 .text.indicator_control_model_initialize
                0x00000264        0x4 .\CortexM3\ARM_GCC_541\Debug\indicator_control_model.o
                0x00000264                indicator_control_model_initialize
 .text.CyClockStartupError
                0x00000268        0x4 .\CortexM3\ARM_GCC_541\Debug\cyfitter_cfg.o
 .text.cfg_write_bytes32
                0x0000026c       0x34 .\CortexM3\ARM_GCC_541\Debug\cyfitter_cfg.o
 .text.AnalogSetDefault
                0x000002a0       0x28 .\CortexM3\ARM_GCC_541\Debug\cyfitter_cfg.o
 .text.CYMEMZERO
                0x000002c8        0xc .\CortexM3\ARM_GCC_541\Debug\cyfitter_cfg.o
 .text.ClockSetup
                0x000002d4       0xd4 .\CortexM3\ARM_GCC_541\Debug\cyfitter_cfg.o
 .text.CYCONFIGCPY
                0x000003a8        0x8 .\CortexM3\ARM_GCC_541\Debug\cyfitter_cfg.o
 .text.cyfitter_cfg
                0x000003b0       0xfc .\CortexM3\ARM_GCC_541\Debug\cyfitter_cfg.o
                0x000003b0                cyfitter_cfg
 .text.IntDefaultHandler
                0x000004ac       0x10 .\CortexM3\ARM_GCC_541\Debug\Cm3Start.o
                0x000004ac                IntDefaultHandler
 .text.Start_c  0x000004bc       0x4c .\CortexM3\ARM_GCC_541\Debug\Cm3Start.o
                0x000004bc                Start_c
 .text.initialize_psoc
                0x00000508       0x68 .\CortexM3\ARM_GCC_541\Debug\Cm3Start.o
                0x00000508                initialize_psoc
 .text.Left_Button_Read
                0x00000570       0x10 .\CortexM3\ARM_GCC_541\Debug\MoonRider.a(Left_Button.o)
                0x00000570                Left_Button_Read
 .text.Right_Button_Read
                0x00000580       0x10 .\CortexM3\ARM_GCC_541\Debug\MoonRider.a(Right_Button.o)
                0x00000580                Right_Button_Read
 .text.PWM_1_Enable
                0x00000590       0x10 .\CortexM3\ARM_GCC_541\Debug\MoonRider.a(PWM_1.o)
                0x00000590                PWM_1_Enable
 .text.PWM_1_Stop
                0x000005a0       0x10 .\CortexM3\ARM_GCC_541\Debug\MoonRider.a(PWM_1.o)
                0x000005a0                PWM_1_Stop
 .text.PWM_1_WriteCounter
                0x000005b0        0xc .\CortexM3\ARM_GCC_541\Debug\MoonRider.a(PWM_1.o)
                0x000005b0                PWM_1_WriteCounter
 .text.PWM_1_WritePeriod
                0x000005bc        0xc .\CortexM3\ARM_GCC_541\Debug\MoonRider.a(PWM_1.o)
                0x000005bc                PWM_1_WritePeriod
 .text.PWM_1_WriteCompare
                0x000005c8        0xc .\CortexM3\ARM_GCC_541\Debug\MoonRider.a(PWM_1.o)
                0x000005c8                PWM_1_WriteCompare
 .text.PWM_1_SetInterruptMode
                0x000005d4        0xc .\CortexM3\ARM_GCC_541\Debug\MoonRider.a(PWM_1.o)
                0x000005d4                PWM_1_SetInterruptMode
 .text.PWM_1_ReadStatusRegister
                0x000005e0        0xc .\CortexM3\ARM_GCC_541\Debug\MoonRider.a(PWM_1.o)
                0x000005e0                PWM_1_ReadStatusRegister
 .text.PWM_1_ReadCapture
                0x000005ec        0xc .\CortexM3\ARM_GCC_541\Debug\MoonRider.a(PWM_1.o)
                0x000005ec                PWM_1_ReadCapture
 .text.PWM_1_ClearFIFO
                0x000005f8       0x14 .\CortexM3\ARM_GCC_541\Debug\MoonRider.a(PWM_1.o)
                0x000005f8                PWM_1_ClearFIFO
 .text.PWM_1_Init
                0x0000060c       0x60 .\CortexM3\ARM_GCC_541\Debug\MoonRider.a(PWM_1.o)
                0x0000060c                PWM_1_Init
 .text.PWM_1_Start
                0x0000066c       0x1c .\CortexM3\ARM_GCC_541\Debug\MoonRider.a(PWM_1.o)
                0x0000066c                PWM_1_Start
 .text.PWM_2_Enable
                0x00000688       0x10 .\CortexM3\ARM_GCC_541\Debug\MoonRider.a(PWM_2.o)
                0x00000688                PWM_2_Enable
 .text.PWM_2_Stop
                0x00000698       0x10 .\CortexM3\ARM_GCC_541\Debug\MoonRider.a(PWM_2.o)
                0x00000698                PWM_2_Stop
 .text.PWM_2_WriteCounter
                0x000006a8        0xc .\CortexM3\ARM_GCC_541\Debug\MoonRider.a(PWM_2.o)
                0x000006a8                PWM_2_WriteCounter
 .text.PWM_2_WritePeriod
                0x000006b4        0xc .\CortexM3\ARM_GCC_541\Debug\MoonRider.a(PWM_2.o)
                0x000006b4                PWM_2_WritePeriod
 .text.PWM_2_WriteCompare
                0x000006c0        0xc .\CortexM3\ARM_GCC_541\Debug\MoonRider.a(PWM_2.o)
                0x000006c0                PWM_2_WriteCompare
 .text.PWM_2_SetInterruptMode
                0x000006cc        0xc .\CortexM3\ARM_GCC_541\Debug\MoonRider.a(PWM_2.o)
                0x000006cc                PWM_2_SetInterruptMode
 .text.PWM_2_ReadStatusRegister
                0x000006d8        0xc .\CortexM3\ARM_GCC_541\Debug\MoonRider.a(PWM_2.o)
                0x000006d8                PWM_2_ReadStatusRegister
 .text.PWM_2_ReadCapture
                0x000006e4        0xc .\CortexM3\ARM_GCC_541\Debug\MoonRider.a(PWM_2.o)
                0x000006e4                PWM_2_ReadCapture
 .text.PWM_2_ClearFIFO
                0x000006f0       0x14 .\CortexM3\ARM_GCC_541\Debug\MoonRider.a(PWM_2.o)
                0x000006f0                PWM_2_ClearFIFO
 .text.PWM_2_Init
                0x00000704       0x60 .\CortexM3\ARM_GCC_541\Debug\MoonRider.a(PWM_2.o)
                0x00000704                PWM_2_Init
 .text.PWM_2_Start
                0x00000764       0x1c .\CortexM3\ARM_GCC_541\Debug\MoonRider.a(PWM_2.o)
                0x00000764                PWM_2_Start
 .text.UART_1_Init
                0x00000780       0x24 .\CortexM3\ARM_GCC_541\Debug\MoonRider.a(UART_1.o)
                0x00000780                UART_1_Init
 .text.UART_1_Enable
                0x000007a4       0x38 .\CortexM3\ARM_GCC_541\Debug\MoonRider.a(UART_1.o)
                0x000007a4                UART_1_Enable
 .text.UART_1_Start
                0x000007dc       0x1c .\CortexM3\ARM_GCC_541\Debug\MoonRider.a(UART_1.o)
                0x000007dc                UART_1_Start
 .text.UART_1_PutChar
                0x000007f8       0x18 .\CortexM3\ARM_GCC_541\Debug\MoonRider.a(UART_1.o)
                0x000007f8                UART_1_PutChar
 .text.UART_1_PutString
                0x00000810       0x24 .\CortexM3\ARM_GCC_541\Debug\MoonRider.a(UART_1.o)
                0x00000810                UART_1_PutString
 .text.Timer_1_Enable
                0x00000834       0x28 .\CortexM3\ARM_GCC_541\Debug\MoonRider.a(Timer_1.o)
                0x00000834                Timer_1_Enable
 .text.Timer_1_SetInterruptMode
                0x0000085c        0xc .\CortexM3\ARM_GCC_541\Debug\MoonRider.a(Timer_1.o)
                0x0000085c                Timer_1_SetInterruptMode
 .text.Timer_1_WritePeriod
                0x00000868        0xc .\CortexM3\ARM_GCC_541\Debug\MoonRider.a(Timer_1.o)
                0x00000868                Timer_1_WritePeriod
 .text.Timer_1_WriteCounter
                0x00000874        0xc .\CortexM3\ARM_GCC_541\Debug\MoonRider.a(Timer_1.o)
                0x00000874                Timer_1_WriteCounter
 .text.Timer_1_Init
                0x00000880       0x68 .\CortexM3\ARM_GCC_541\Debug\MoonRider.a(Timer_1.o)
                0x00000880                Timer_1_Init
 .text.Timer_1_Start
                0x000008e8       0x1c .\CortexM3\ARM_GCC_541\Debug\MoonRider.a(Timer_1.o)
                0x000008e8                Timer_1_Start
 .text.UART_1_IntClock_Start
                0x00000904       0x1c .\CortexM3\ARM_GCC_541\Debug\MoonRider.a(UART_1_IntClock.o)
                0x00000904                UART_1_IntClock_Start
 .text          0x00000920       0x20 .\CortexM3\ARM_GCC_541\Debug\MoonRider.a(CyBootAsmGnu.o)
                0x00000920                CyDelayCycles
                0x00000930                CyEnterCriticalSection
                0x00000938                CyExitCriticalSection
 .text.__errno  0x00000940        0xc c:/program files (x86)/cypress/psoc creator/4.4/psoc creator/import/gnu/arm/5.4.1/bin/../lib/gcc/arm-none-eabi/5.4.1/../../../../arm-none-eabi/lib/armv7-m\libg_nano.a(lib_a-errno.o)
                0x00000940                __errno
 .text.__libc_init_array
                0x0000094c       0x4c c:/program files (x86)/cypress/psoc creator/4.4/psoc creator/import/gnu/arm/5.4.1/bin/../lib/gcc/arm-none-eabi/5.4.1/../../../../arm-none-eabi/lib/armv7-m\libg_nano.a(lib_a-init.o)
                0x0000094c                __libc_init_array
 .text.memcpy   0x00000998       0x16 c:/program files (x86)/cypress/psoc creator/4.4/psoc creator/import/gnu/arm/5.4.1/bin/../lib/gcc/arm-none-eabi/5.4.1/../../../../arm-none-eabi/lib/armv7-m\libg_nano.a(lib_a-memcpy-stub.o)
                0x00000998                memcpy
 .text.memset   0x000009ae       0x10 c:/program files (x86)/cypress/psoc creator/4.4/psoc creator/import/gnu/arm/5.4.1/bin/../lib/gcc/arm-none-eabi/5.4.1/../../../../arm-none-eabi/lib/armv7-m\libg_nano.a(lib_a-memset.o)
                0x000009ae                memset
 *(.plt)
 *(.gnu.warning)
 *(.glue_7t)
 .glue_7t       0x000009be        0x0 linker stubs
 *(.glue_7)
 .glue_7        0x000009be        0x0 linker stubs
 *(.vfp11_veneer)
 .vfp11_veneer  0x000009be        0x0 linker stubs
 *(.bootloader)
 *(.ARM.extab* .gnu.linkonce.armextab.*)
 *(.gcc_except_table)

.v4_bx          0x000009c0        0x0
 .v4_bx         0x000009c0        0x0 linker stubs

.iplt           0x000009c0        0x0
 .iplt          0x000009c0        0x0 c:/program files (x86)/cypress/psoc creator/4.4/psoc creator/import/gnu/arm/5.4.1/bin/../lib/gcc/arm-none-eabi/5.4.1/armv7-m/crtbegin.o

.eh_frame_hdr
 *(.eh_frame_hdr)

.eh_frame       0x000009c0        0x4
 *(.eh_frame)
 .eh_frame      0x000009c0        0x0 c:/program files (x86)/cypress/psoc creator/4.4/psoc creator/import/gnu/arm/5.4.1/bin/../lib/gcc/arm-none-eabi/5.4.1/armv7-m/crtbegin.o
 .eh_frame      0x000009c0        0x4 c:/program files (x86)/cypress/psoc creator/4.4/psoc creator/import/gnu/arm/5.4.1/bin/../lib/gcc/arm-none-eabi/5.4.1/armv7-m/crtend.o
                [!provide]                PROVIDE (__exidx_start, .)

.ARM.exidx
 *(.ARM.exidx* .gnu.linkonce.armexidx.*)
                0x000009c4                __exidx_end = .

.rodata         0x000009c4      0x11c
 *(.rodata .rodata.* .gnu.linkonce.r.*)
 .rodata.str1.4
                0x000009c4       0x3c .\CortexM3\ARM_GCC_541\Debug\main.o
                                 0x3a (size before relaxing)
 .rodata        0x00000a00       0x46 .\CortexM3\ARM_GCC_541\Debug\cyfitter_cfg.o
 *fill*         0x00000a46        0x2 
 .rodata.__sf_fake_stdin
                0x00000a48       0x20 c:/program files (x86)/cypress/psoc creator/4.4/psoc creator/import/gnu/arm/5.4.1/bin/../lib/gcc/arm-none-eabi/5.4.1/../../../../arm-none-eabi/lib/armv7-m\libg_nano.a(lib_a-findfp.o)
                0x00000a48                __sf_fake_stdin
 .rodata.__sf_fake_stdout
                0x00000a68       0x20 c:/program files (x86)/cypress/psoc creator/4.4/psoc creator/import/gnu/arm/5.4.1/bin/../lib/gcc/arm-none-eabi/5.4.1/../../../../arm-none-eabi/lib/armv7-m\libg_nano.a(lib_a-findfp.o)
                0x00000a68                __sf_fake_stdout
 .rodata.__sf_fake_stderr
                0x00000a88       0x20 c:/program files (x86)/cypress/psoc creator/4.4/psoc creator/import/gnu/arm/5.4.1/bin/../lib/gcc/arm-none-eabi/5.4.1/../../../../arm-none-eabi/lib/armv7-m\libg_nano.a(lib_a-findfp.o)
                0x00000a88                __sf_fake_stderr
 .rodata.str1.1
                0x00000aa8        0x2 c:/program files (x86)/cypress/psoc creator/4.4/psoc creator/import/gnu/arm/5.4.1/bin/../lib/gcc/arm-none-eabi/5.4.1/../../../../arm-none-eabi/lib/armv7-m\libg_nano.a(lib_a-impure.o)
                0x00000aac                . = ALIGN (0x4)
 *fill*         0x00000aaa        0x2 
 *(.init)
 .init          0x00000aac        0x4 c:/program files (x86)/cypress/psoc creator/4.4/psoc creator/import/gnu/arm/5.4.1/bin/../lib/gcc/arm-none-eabi/5.4.1/armv7-m/crti.o
                0x00000aac                _init
 .init          0x00000ab0        0x8 c:/program files (x86)/cypress/psoc creator/4.4/psoc creator/import/gnu/arm/5.4.1/bin/../lib/gcc/arm-none-eabi/5.4.1/armv7-m/crtn.o
                0x00000ab8                . = ALIGN (0x4)
                0x00000ab8                __preinit_array_start = .
 *(.preinit_array)
                0x00000ab8                __preinit_array_end = .
                0x00000ab8                . = ALIGN (0x4)
                0x00000ab8                __init_array_start = .
 *(SORT(.init_array.*))
 *(.init_array)
 .init_array    0x00000ab8        0x4 c:/program files (x86)/cypress/psoc creator/4.4/psoc creator/import/gnu/arm/5.4.1/bin/../lib/gcc/arm-none-eabi/5.4.1/armv7-m/crtbegin.o
 .init_array    0x00000abc        0x4 .\CortexM3\ARM_GCC_541\Debug\Cm3Start.o
                0x00000ac0                __init_array_end = .
                0x00000ac0                . = ALIGN (0x4)
 *(.fini)
 .fini          0x00000ac0        0x4 c:/program files (x86)/cypress/psoc creator/4.4/psoc creator/import/gnu/arm/5.4.1/bin/../lib/gcc/arm-none-eabi/5.4.1/armv7-m/crti.o
                0x00000ac0                _fini
 .fini          0x00000ac4        0x8 c:/program files (x86)/cypress/psoc creator/4.4/psoc creator/import/gnu/arm/5.4.1/bin/../lib/gcc/arm-none-eabi/5.4.1/armv7-m/crtn.o
                0x00000acc                . = ALIGN (0x4)
                0x00000acc                __fini_array_start = .
 *(.fini_array)
 .fini_array    0x00000acc        0x4 c:/program files (x86)/cypress/psoc creator/4.4/psoc creator/import/gnu/arm/5.4.1/bin/../lib/gcc/arm-none-eabi/5.4.1/armv7-m/crtbegin.o
 *(SORT(.fini_array.*))
                0x00000ad0                __fini_array_end = .
                0x00000ad0                . = ALIGN (0x4)
 *crtbegin.o(.ctors)
 *(EXCLUDE_FILE(*crtend.o) .ctors)
 *(SORT(.ctors.*))
 *crtend.o(.ctors)
                0x00000ad0                . = ALIGN (0x4)
 *crtbegin.o(.dtors)
 *(EXCLUDE_FILE(*crtend.o) .dtors)
 *(SORT(.dtors.*))
 *crtend.o(.dtors)
                0x00000ad0                . = ALIGN (0x4)
                0x00000ad0                __cy_regions = .
                0x00000ad0        0x4 LONG 0xae0 __cy_region_init_ram
                0x00000ad4        0x4 LONG 0x1fff80c8 __cy_region_start_data
                0x00000ad8        0x4 LONG 0x68 __cy_region_init_size_ram
                0x00000adc        0x4 LONG 0x38 __cy_region_zero_size_ram
                0x00000ae0                __cy_regions_end = .
                0x00000ae0                . = ALIGN (0x8)
                0x00000ae0                _etext = .

.cy_checksum_exclude
                0x00000ae0        0x0
 *(.cy_checksum_exclude)

.ramvectors     0x1fff8000       0xc0
                0x1fff8000                __cy_region_start_ram = .
 *(.ramvectors)
 .ramvectors    0x1fff8000       0xc0 .\CortexM3\ARM_GCC_541\Debug\Cm3Start.o
                0x1fff8000                CyRamVectors

.noinit         0x1fff80c0        0x1
 *(.noinit)
 .noinit        0x1fff80c0        0x1 .\CortexM3\ARM_GCC_541\Debug\MoonRider.a(CyLib.o)
                0x1fff80c0                CyResetStatus

.data           0x1fff80c8       0x68 load address 0x00000ae0
                0x1fff80c8                __cy_region_start_data = .
 *(.jcr)
 .jcr           0x1fff80c8        0x0 c:/program files (x86)/cypress/psoc creator/4.4/psoc creator/import/gnu/arm/5.4.1/bin/../lib/gcc/arm-none-eabi/5.4.1/armv7-m/crtbegin.o
 .jcr           0x1fff80c8        0x4 c:/program files (x86)/cypress/psoc creator/4.4/psoc creator/import/gnu/arm/5.4.1/bin/../lib/gcc/arm-none-eabi/5.4.1/armv7-m/crtend.o
 *(.got.plt)
 *(.got)
 *(.shdata)
 *(.data .data.* .gnu.linkonce.d.*)
 .data.impure_data
                0x1fff80cc       0x60 c:/program files (x86)/cypress/psoc creator/4.4/psoc creator/import/gnu/arm/5.4.1/bin/../lib/gcc/arm-none-eabi/5.4.1/../../../../arm-none-eabi/lib/armv7-m\libg_nano.a(lib_a-impure.o)
 .data._impure_ptr
                0x1fff812c        0x4 c:/program files (x86)/cypress/psoc creator/4.4/psoc creator/import/gnu/arm/5.4.1/bin/../lib/gcc/arm-none-eabi/5.4.1/../../../../arm-none-eabi/lib/armv7-m\libg_nano.a(lib_a-impure.o)
                0x1fff812c                _impure_ptr
                0x1fff8130                . = ALIGN (0x8)
 *(.ram)
                0x1fff8130                _edata = .

.igot.plt       0x1fff8130        0x0 load address 0x00000b48
 .igot.plt      0x1fff8130        0x0 c:/program files (x86)/cypress/psoc creator/4.4/psoc creator/import/gnu/arm/5.4.1/bin/../lib/gcc/arm-none-eabi/5.4.1/armv7-m/crtbegin.o

.bss            0x1fff8130       0x38 load address 0x00000b48
                0x1fff8130                PROVIDE (__bss_start__, .)
 *(.shbss)
 *(.bss .bss.* .gnu.linkonce.b.*)
 .bss           0x1fff8130       0x1c c:/program files (x86)/cypress/psoc creator/4.4/psoc creator/import/gnu/arm/5.4.1/bin/../lib/gcc/arm-none-eabi/5.4.1/armv7-m/crtbegin.o
 .bss           0x1fff814c        0x1 .\CortexM3\ARM_GCC_541\Debug\main.o
                0x1fff814c                tick_100ms_flag
 .bss           0x1fff814d        0x1 .\CortexM3\ARM_GCC_541\Debug\MoonRider.a(PWM_1.o)
                0x1fff814d                PWM_1_initVar
 .bss           0x1fff814e        0x1 .\CortexM3\ARM_GCC_541\Debug\MoonRider.a(PWM_2.o)
                0x1fff814e                PWM_2_initVar
 .bss           0x1fff814f        0x2 .\CortexM3\ARM_GCC_541\Debug\MoonRider.a(UART_1.o)
                0x1fff814f                UART_1_initVar
 .bss           0x1fff8151        0x1 .\CortexM3\ARM_GCC_541\Debug\MoonRider.a(Timer_1.o)
                0x1fff8151                Timer_1_initVar
 *(COMMON)
 COMMON         0x1fff8152        0x5 .\CortexM3\ARM_GCC_541\Debug\main.o
                0x1fff8152                uart_status
                0x1fff8153                left_btn
                0x1fff8154                left_led_pwm
                0x1fff8155                right_btn
                0x1fff8156                right_led_pwm
 *fill*         0x1fff8157        0x1 
 COMMON         0x1fff8158        0xa .\CortexM3\ARM_GCC_541\Debug\indicator_control_model.o
                0x1fff8158                indicator_control_model_Y
                0x1fff815c                indicator_control_model_U
                0x1fff8160                indicator_control_model_DW
                0x1fff8168                . = ALIGN (0x8)
 *fill*         0x1fff8162        0x6 
 *(.ram.b)
                0x1fff8168                _end = .
                0x1fff8168                __end = .
                0x1fff8168                PROVIDE (end, .)
                0x1fff8168                PROVIDE (__bss_end__, .)
                0x00000ae0                __cy_region_init_ram = LOADADDR (.data)
                0x00000068                __cy_region_init_size_ram = (_edata - ADDR (.data))
                0x00000038                __cy_region_zero_size_ram = (_end - _edata)

.heap           0x1fff8168       0x80 load address 0x00000b48
                0x1fff8168                . = _end
                0x1fff81e8                . = (. + 0x80)
 *fill*         0x1fff8168       0x80 
                0x1fff81e8                __cy_heap_limit = .

.stack          0x20007800      0x800
                0x20007800                __cy_stack_limit = .
                0x20008000                . = (. + 0x800)
 *fill*         0x20007800      0x800 
                0x00000001                ASSERT ((__cy_stack_limit >= __cy_heap_limit), region RAM overflowed with stack)
                0x00000000                cy_checksum_exclude_size = (CY_APPL_LOADABLE == 0x1)?SIZEOF (.cy_checksum_exclude):0x0
                0x00000001                ASSERT ((cy_checksum_exclude_size <= CY_CHECKSUM_EXCLUDE_SIZE), CY_BOOT: Section .cy_checksum_exclude size exceedes specified limit.)

.cyloadermeta
 *(.cyloadermeta)

.cyloadablemeta
 *(.cyloadablemeta)

.cyconfigecc    0x80000000      0x56c
 *(.cyconfigecc)
 .cyconfigecc   0x80000000      0x56c .\CortexM3\ARM_GCC_541\Debug\cymetadata.o
                0x80000000                cy_meta_configecc

.cycustnvl      0x90000000        0x4
 *(.cycustnvl)
 .cycustnvl     0x90000000        0x4 .\CortexM3\ARM_GCC_541\Debug\cymetadata.o
                0x90000000                cy_meta_custnvl

.cywolatch      0x90100000        0x4
 *(.cywolatch)
 .cywolatch     0x90100000        0x4 .\CortexM3\ARM_GCC_541\Debug\cymetadata.o
                0x90100000                cy_meta_wonvl

.cyeeprom       0x90200000        0x0
 *(.cyeeprom)
                0x00000001                ASSERT ((. <= ((0x90200000 + ee_offset) + ee_size)), .cyeeprom data will not fit in EEPROM)

.cyflashprotect
                0x90400000      0x100
 *(.cyflashprotect)
 .cyflashprotect
                0x90400000      0x100 .\CortexM3\ARM_GCC_541\Debug\cymetadata.o
                0x90400000                cy_meta_flashprotect

.cymeta         0x90500000        0xc
 *(.cymeta)
 .cymeta        0x90500000        0xc .\CortexM3\ARM_GCC_541\Debug\cymetadata.o
                0x90500000                cy_metadata

.rel.dyn        0x00000b48        0x0 load address 0x9050000c
 .rel.iplt      0x00000b48        0x0 c:/program files (x86)/cypress/psoc creator/4.4/psoc creator/import/gnu/arm/5.4.1/bin/../lib/gcc/arm-none-eabi/5.4.1/armv7-m/crtbegin.o

.stab           0x00000000       0xb4
 *(.stab)
 .stab          0x00000000       0x24 c:/program files (x86)/cypress/psoc creator/4.4/psoc creator/import/gnu/arm/5.4.1/bin/../lib/gcc/arm-none-eabi/5.4.1/../../../../arm-none-eabi/lib/armv7-m\libnosys.a(close.o)
 .stab          0x00000024       0x18 c:/program files (x86)/cypress/psoc creator/4.4/psoc creator/import/gnu/arm/5.4.1/bin/../lib/gcc/arm-none-eabi/5.4.1/../../../../arm-none-eabi/lib/armv7-m\libnosys.a(fstat.o)
                                 0x24 (size before relaxing)
 .stab          0x0000003c       0x18 c:/program files (x86)/cypress/psoc creator/4.4/psoc creator/import/gnu/arm/5.4.1/bin/../lib/gcc/arm-none-eabi/5.4.1/../../../../arm-none-eabi/lib/armv7-m\libnosys.a(isatty.o)
                                 0x24 (size before relaxing)
 .stab          0x00000054       0x18 c:/program files (x86)/cypress/psoc creator/4.4/psoc creator/import/gnu/arm/5.4.1/bin/../lib/gcc/arm-none-eabi/5.4.1/../../../../arm-none-eabi/lib/armv7-m\libnosys.a(lseek.o)
                                 0x24 (size before relaxing)
 .stab          0x0000006c       0x18 c:/program files (x86)/cypress/psoc creator/4.4/psoc creator/import/gnu/arm/5.4.1/bin/../lib/gcc/arm-none-eabi/5.4.1/../../../../arm-none-eabi/lib/armv7-m\libnosys.a(open.o)
                                 0x24 (size before relaxing)
 .stab          0x00000084       0x18 c:/program files (x86)/cypress/psoc creator/4.4/psoc creator/import/gnu/arm/5.4.1/bin/../lib/gcc/arm-none-eabi/5.4.1/../../../../arm-none-eabi/lib/armv7-m\libnosys.a(read.o)
                                 0x24 (size before relaxing)
 .stab          0x0000009c       0x18 c:/program files (x86)/cypress/psoc creator/4.4/psoc creator/import/gnu/arm/5.4.1/bin/../lib/gcc/arm-none-eabi/5.4.1/../../../../arm-none-eabi/lib/armv7-m\libnosys.a(write.o)
                                 0x24 (size before relaxing)

.stabstr        0x00000000      0x181
 *(.stabstr)
 .stabstr       0x00000000      0x181 c:/program files (x86)/cypress/psoc creator/4.4/psoc creator/import/gnu/arm/5.4.1/bin/../lib/gcc/arm-none-eabi/5.4.1/../../../../arm-none-eabi/lib/armv7-m\libnosys.a(close.o)

.debug
 *(.debug)

.line
 *(.line)

.debug_srcinfo
 *(.debug_srcinfo)

.debug_sfnames
 *(.debug_sfnames)

.debug_aranges  0x00000000      0x9e0
 *(.debug_aranges)
 .debug_aranges
                0x00000000       0x28 .\CortexM3\ARM_GCC_541\Debug\main.o
 .debug_aranges
                0x00000028       0x30 .\CortexM3\ARM_GCC_541\Debug\gpio_driver.o
 .debug_aranges
                0x00000058       0x30 .\CortexM3\ARM_GCC_541\Debug\uart_driver.o
 .debug_aranges
                0x00000088       0x38 .\CortexM3\ARM_GCC_541\Debug\pwm_driver.o
 .debug_aranges
                0x000000c0       0x28 .\CortexM3\ARM_GCC_541\Debug\timer_driver.o
 .debug_aranges
                0x000000e8       0x28 .\CortexM3\ARM_GCC_541\Debug\scheduler.o
 .debug_aranges
                0x00000110       0x30 .\CortexM3\ARM_GCC_541\Debug\indicator_control_model.o
 .debug_aranges
                0x00000140       0x58 .\CortexM3\ARM_GCC_541\Debug\cyfitter_cfg.o
 .debug_aranges
                0x00000198       0x18 .\CortexM3\ARM_GCC_541\Debug\cymetadata.o
 .debug_aranges
                0x000001b0       0x48 .\CortexM3\ARM_GCC_541\Debug\Cm3Start.o
 .debug_aranges
                0x000001f8       0x38 .\CortexM3\ARM_GCC_541\Debug\MoonRider.a(Left_Button.o)
 .debug_aranges
                0x00000230       0x38 .\CortexM3\ARM_GCC_541\Debug\MoonRider.a(Right_Button.o)
 .debug_aranges
                0x00000268       0x98 .\CortexM3\ARM_GCC_541\Debug\MoonRider.a(PWM_1.o)
 .debug_aranges
                0x00000300       0x98 .\CortexM3\ARM_GCC_541\Debug\MoonRider.a(PWM_2.o)
 .debug_aranges
                0x00000398       0xf0 .\CortexM3\ARM_GCC_541\Debug\MoonRider.a(UART_1.o)
 .debug_aranges
                0x00000488       0x88 .\CortexM3\ARM_GCC_541\Debug\MoonRider.a(Timer_1.o)
 .debug_aranges
                0x00000510       0x70 .\CortexM3\ARM_GCC_541\Debug\MoonRider.a(UART_1_IntClock.o)
 .debug_aranges
                0x00000580      0x2a0 .\CortexM3\ARM_GCC_541\Debug\MoonRider.a(CyLib.o)
 .debug_aranges
                0x00000820       0x98 .\CortexM3\ARM_GCC_541\Debug\MoonRider.a(cyPm.o)
 .debug_aranges
                0x000008b8       0x20 .\CortexM3\ARM_GCC_541\Debug\MoonRider.a(CyBootAsmGnu.o)
 .debug_aranges
                0x000008d8       0x88 .\CortexM3\ARM_GCC_541\Debug\MoonRider.a(CyFlash.o)
 .debug_aranges
                0x00000960       0x80 .\CortexM3\ARM_GCC_541\Debug\MoonRider.a(CySpc.o)

.debug_pubnames
 *(.debug_pubnames)

.debug_info     0x00000000     0x5eff
 *(.debug_info .gnu.linkonce.wi.*)
 .debug_info    0x00000000      0x2d5 .\CortexM3\ARM_GCC_541\Debug\main.o
 .debug_info    0x000002d5      0x211 .\CortexM3\ARM_GCC_541\Debug\gpio_driver.o
 .debug_info    0x000004e6      0x9be .\CortexM3\ARM_GCC_541\Debug\uart_driver.o
 .debug_info    0x00000ea4      0x1e1 .\CortexM3\ARM_GCC_541\Debug\pwm_driver.o
 .debug_info    0x00001085      0x103 .\CortexM3\ARM_GCC_541\Debug\timer_driver.o
 .debug_info    0x00001188      0x334 .\CortexM3\ARM_GCC_541\Debug\scheduler.o
 .debug_info    0x000014bc      0x207 .\CortexM3\ARM_GCC_541\Debug\indicator_control_model.o
 .debug_info    0x000016c3      0x570 .\CortexM3\ARM_GCC_541\Debug\cyfitter_cfg.o
 .debug_info    0x00001c33      0x136 .\CortexM3\ARM_GCC_541\Debug\cymetadata.o
 .debug_info    0x00001d69      0x3bb .\CortexM3\ARM_GCC_541\Debug\Cm3Start.o
 .debug_info    0x00002124      0x11f .\CortexM3\ARM_GCC_541\Debug\MoonRider.a(Left_Button.o)
 .debug_info    0x00002243      0x11f .\CortexM3\ARM_GCC_541\Debug\MoonRider.a(Right_Button.o)
 .debug_info    0x00002362      0x353 .\CortexM3\ARM_GCC_541\Debug\MoonRider.a(PWM_1.o)
 .debug_info    0x000026b5      0x353 .\CortexM3\ARM_GCC_541\Debug\MoonRider.a(PWM_2.o)
 .debug_info    0x00002a08      0x60c .\CortexM3\ARM_GCC_541\Debug\MoonRider.a(UART_1.o)
 .debug_info    0x00003014      0x295 .\CortexM3\ARM_GCC_541\Debug\MoonRider.a(Timer_1.o)
 .debug_info    0x000032a9      0x283 .\CortexM3\ARM_GCC_541\Debug\MoonRider.a(UART_1_IntClock.o)
 .debug_info    0x0000352c     0x1374 .\CortexM3\ARM_GCC_541\Debug\MoonRider.a(CyLib.o)
 .debug_info    0x000048a0      0xa2a .\CortexM3\ARM_GCC_541\Debug\MoonRider.a(cyPm.o)
 .debug_info    0x000052ca       0x98 .\CortexM3\ARM_GCC_541\Debug\MoonRider.a(CyBootAsmGnu.o)
 .debug_info    0x00005362      0x64d .\CortexM3\ARM_GCC_541\Debug\MoonRider.a(CyFlash.o)
 .debug_info    0x000059af      0x550 .\CortexM3\ARM_GCC_541\Debug\MoonRider.a(CySpc.o)

.debug_abbrev   0x00000000     0x19d1
 *(.debug_abbrev)
 .debug_abbrev  0x00000000       0xd9 .\CortexM3\ARM_GCC_541\Debug\main.o
 .debug_abbrev  0x000000d9       0xd1 .\CortexM3\ARM_GCC_541\Debug\gpio_driver.o
 .debug_abbrev  0x000001aa      0x207 .\CortexM3\ARM_GCC_541\Debug\uart_driver.o
 .debug_abbrev  0x000003b1       0xe3 .\CortexM3\ARM_GCC_541\Debug\pwm_driver.o
 .debug_abbrev  0x00000494       0x90 .\CortexM3\ARM_GCC_541\Debug\timer_driver.o
 .debug_abbrev  0x00000524       0xf4 .\CortexM3\ARM_GCC_541\Debug\scheduler.o
 .debug_abbrev  0x00000618       0xb1 .\CortexM3\ARM_GCC_541\Debug\indicator_control_model.o
 .debug_abbrev  0x000006c9      0x20d .\CortexM3\ARM_GCC_541\Debug\cyfitter_cfg.o
 .debug_abbrev  0x000008d6       0x77 .\CortexM3\ARM_GCC_541\Debug\cymetadata.o
 .debug_abbrev  0x0000094d      0x1e8 .\CortexM3\ARM_GCC_541\Debug\Cm3Start.o
 .debug_abbrev  0x00000b35       0x90 .\CortexM3\ARM_GCC_541\Debug\MoonRider.a(Left_Button.o)
 .debug_abbrev  0x00000bc5       0x90 .\CortexM3\ARM_GCC_541\Debug\MoonRider.a(Right_Button.o)
 .debug_abbrev  0x00000c55      0x133 .\CortexM3\ARM_GCC_541\Debug\MoonRider.a(PWM_1.o)
 .debug_abbrev  0x00000d88      0x133 .\CortexM3\ARM_GCC_541\Debug\MoonRider.a(PWM_2.o)
 .debug_abbrev  0x00000ebb      0x175 .\CortexM3\ARM_GCC_541\Debug\MoonRider.a(UART_1.o)
 .debug_abbrev  0x00001030      0x11a .\CortexM3\ARM_GCC_541\Debug\MoonRider.a(Timer_1.o)
 .debug_abbrev  0x0000114a      0x139 .\CortexM3\ARM_GCC_541\Debug\MoonRider.a(UART_1_IntClock.o)
 .debug_abbrev  0x00001283      0x254 .\CortexM3\ARM_GCC_541\Debug\MoonRider.a(CyLib.o)
 .debug_abbrev  0x000014d7      0x1ab .\CortexM3\ARM_GCC_541\Debug\MoonRider.a(cyPm.o)
 .debug_abbrev  0x00001682       0x14 .\CortexM3\ARM_GCC_541\Debug\MoonRider.a(CyBootAsmGnu.o)
 .debug_abbrev  0x00001696      0x1a7 .\CortexM3\ARM_GCC_541\Debug\MoonRider.a(CyFlash.o)
 .debug_abbrev  0x0000183d      0x194 .\CortexM3\ARM_GCC_541\Debug\MoonRider.a(CySpc.o)

.debug_line     0x00000000     0x2c93
 *(.debug_line)
 .debug_line    0x00000000      0x1fd .\CortexM3\ARM_GCC_541\Debug\main.o
 .debug_line    0x000001fd      0x1df .\CortexM3\ARM_GCC_541\Debug\gpio_driver.o
 .debug_line    0x000003dc      0x2ab .\CortexM3\ARM_GCC_541\Debug\uart_driver.o
 .debug_line    0x00000687      0x1d8 .\CortexM3\ARM_GCC_541\Debug\pwm_driver.o
 .debug_line    0x0000085f      0x172 .\CortexM3\ARM_GCC_541\Debug\timer_driver.o
 .debug_line    0x000009d1      0x1ef .\CortexM3\ARM_GCC_541\Debug\scheduler.o
 .debug_line    0x00000bc0      0x137 .\CortexM3\ARM_GCC_541\Debug\indicator_control_model.o
 .debug_line    0x00000cf7      0x1f6 .\CortexM3\ARM_GCC_541\Debug\cyfitter_cfg.o
 .debug_line    0x00000eed      0x141 .\CortexM3\ARM_GCC_541\Debug\cymetadata.o
 .debug_line    0x0000102e      0x234 .\CortexM3\ARM_GCC_541\Debug\Cm3Start.o
 .debug_line    0x00001262       0x98 .\CortexM3\ARM_GCC_541\Debug\MoonRider.a(Left_Button.o)
 .debug_line    0x000012fa       0x99 .\CortexM3\ARM_GCC_541\Debug\MoonRider.a(Right_Button.o)
 .debug_line    0x00001393      0x188 .\CortexM3\ARM_GCC_541\Debug\MoonRider.a(PWM_1.o)
 .debug_line    0x0000151b      0x188 .\CortexM3\ARM_GCC_541\Debug\MoonRider.a(PWM_2.o)
 .debug_line    0x000016a3      0x2c0 .\CortexM3\ARM_GCC_541\Debug\MoonRider.a(UART_1.o)
 .debug_line    0x00001963      0x155 .\CortexM3\ARM_GCC_541\Debug\MoonRider.a(Timer_1.o)
 .debug_line    0x00001ab8      0x17e .\CortexM3\ARM_GCC_541\Debug\MoonRider.a(UART_1_IntClock.o)
 .debug_line    0x00001c36      0x816 .\CortexM3\ARM_GCC_541\Debug\MoonRider.a(CyLib.o)
 .debug_line    0x0000244c      0x367 .\CortexM3\ARM_GCC_541\Debug\MoonRider.a(cyPm.o)
 .debug_line    0x000027b3       0x66 .\CortexM3\ARM_GCC_541\Debug\MoonRider.a(CyBootAsmGnu.o)
 .debug_line    0x00002819      0x21a .\CortexM3\ARM_GCC_541\Debug\MoonRider.a(CyFlash.o)
 .debug_line    0x00002a33      0x260 .\CortexM3\ARM_GCC_541\Debug\MoonRider.a(CySpc.o)

.debug_frame    0x00000000     0x2210
 *(.debug_frame)
 .debug_frame   0x00000000       0x48 .\CortexM3\ARM_GCC_541\Debug\main.o
 .debug_frame   0x00000048       0x5c .\CortexM3\ARM_GCC_541\Debug\gpio_driver.o
 .debug_frame   0x000000a4       0x64 .\CortexM3\ARM_GCC_541\Debug\uart_driver.o
 .debug_frame   0x00000108       0x74 .\CortexM3\ARM_GCC_541\Debug\pwm_driver.o
 .debug_frame   0x0000017c       0x30 .\CortexM3\ARM_GCC_541\Debug\timer_driver.o
 .debug_frame   0x000001ac       0x48 .\CortexM3\ARM_GCC_541\Debug\scheduler.o
 .debug_frame   0x000001f4       0x40 .\CortexM3\ARM_GCC_541\Debug\indicator_control_model.o
 .debug_frame   0x00000234       0xe4 .\CortexM3\ARM_GCC_541\Debug\cyfitter_cfg.o
 .debug_frame   0x00000318       0xb8 .\CortexM3\ARM_GCC_541\Debug\Cm3Start.o
 .debug_frame   0x000003d0       0x50 .\CortexM3\ARM_GCC_541\Debug\MoonRider.a(Left_Button.o)
 .debug_frame   0x00000420       0x50 .\CortexM3\ARM_GCC_541\Debug\MoonRider.a(Right_Button.o)
 .debug_frame   0x00000470      0x134 .\CortexM3\ARM_GCC_541\Debug\MoonRider.a(PWM_1.o)
 .debug_frame   0x000005a4      0x134 .\CortexM3\ARM_GCC_541\Debug\MoonRider.a(PWM_2.o)
 .debug_frame   0x000006d8      0x250 .\CortexM3\ARM_GCC_541\Debug\MoonRider.a(UART_1.o)
 .debug_frame   0x00000928      0x108 .\CortexM3\ARM_GCC_541\Debug\MoonRider.a(Timer_1.o)
 .debug_frame   0x00000a30       0xe0 .\CortexM3\ARM_GCC_541\Debug\MoonRider.a(UART_1_IntClock.o)
 .debug_frame   0x00000b10      0x738 .\CortexM3\ARM_GCC_541\Debug\MoonRider.a(CyLib.o)
 .debug_frame   0x00001248      0x1f8 .\CortexM3\ARM_GCC_541\Debug\MoonRider.a(cyPm.o)
 .debug_frame   0x00001440      0x194 .\CortexM3\ARM_GCC_541\Debug\MoonRider.a(CyFlash.o)
 .debug_frame   0x000015d4      0x180 .\CortexM3\ARM_GCC_541\Debug\MoonRider.a(CySpc.o)
 .debug_frame   0x00001754       0x20 c:/program files (x86)/cypress/psoc creator/4.4/psoc creator/import/gnu/arm/5.4.1/bin/../lib/gcc/arm-none-eabi/5.4.1/../../../../arm-none-eabi/lib/armv7-m\libg_nano.a(lib_a-errno.o)
 .debug_frame   0x00001774       0x28 c:/program files (x86)/cypress/psoc creator/4.4/psoc creator/import/gnu/arm/5.4.1/bin/../lib/gcc/arm-none-eabi/5.4.1/../../../../arm-none-eabi/lib/armv7-m\libg_nano.a(lib_a-exit.o)
 .debug_frame   0x0000179c       0x3c c:/program files (x86)/cypress/psoc creator/4.4/psoc creator/import/gnu/arm/5.4.1/bin/../lib/gcc/arm-none-eabi/5.4.1/../../../../arm-none-eabi/lib/armv7-m\libg_nano.a(lib_a-fclose.o)
 .debug_frame   0x000017d8       0x68 c:/program files (x86)/cypress/psoc creator/4.4/psoc creator/import/gnu/arm/5.4.1/bin/../lib/gcc/arm-none-eabi/5.4.1/../../../../arm-none-eabi/lib/armv7-m\libg_nano.a(lib_a-fflush.o)
 .debug_frame   0x00001840      0x11c c:/program files (x86)/cypress/psoc creator/4.4/psoc creator/import/gnu/arm/5.4.1/bin/../lib/gcc/arm-none-eabi/5.4.1/../../../../arm-none-eabi/lib/armv7-m\libg_nano.a(lib_a-findfp.o)
 .debug_frame   0x0000195c       0x40 c:/program files (x86)/cypress/psoc creator/4.4/psoc creator/import/gnu/arm/5.4.1/bin/../lib/gcc/arm-none-eabi/5.4.1/../../../../arm-none-eabi/lib/armv7-m\libg_nano.a(lib_a-fopen.o)
 .debug_frame   0x0000199c       0x64 c:/program files (x86)/cypress/psoc creator/4.4/psoc creator/import/gnu/arm/5.4.1/bin/../lib/gcc/arm-none-eabi/5.4.1/../../../../arm-none-eabi/lib/armv7-m\libg_nano.a(lib_a-fprintf.o)
 .debug_frame   0x00001a00       0x30 c:/program files (x86)/cypress/psoc creator/4.4/psoc creator/import/gnu/arm/5.4.1/bin/../lib/gcc/arm-none-eabi/5.4.1/../../../../arm-none-eabi/lib/armv7-m\libg_nano.a(lib_a-fseek.o)
 .debug_frame   0x00001a30       0x44 c:/program files (x86)/cypress/psoc creator/4.4/psoc creator/import/gnu/arm/5.4.1/bin/../lib/gcc/arm-none-eabi/5.4.1/../../../../arm-none-eabi/lib/armv7-m\libg_nano.a(lib_a-fseeko.o)
 .debug_frame   0x00001a74       0x54 c:/program files (x86)/cypress/psoc creator/4.4/psoc creator/import/gnu/arm/5.4.1/bin/../lib/gcc/arm-none-eabi/5.4.1/../../../../arm-none-eabi/lib/armv7-m\libg_nano.a(lib_a-fwalk.o)
 .debug_frame   0x00001ac8       0x2c c:/program files (x86)/cypress/psoc creator/4.4/psoc creator/import/gnu/arm/5.4.1/bin/../lib/gcc/arm-none-eabi/5.4.1/../../../../arm-none-eabi/lib/armv7-m\libg_nano.a(lib_a-init.o)
 .debug_frame   0x00001af4       0x54 c:/program files (x86)/cypress/psoc creator/4.4/psoc creator/import/gnu/arm/5.4.1/bin/../lib/gcc/arm-none-eabi/5.4.1/../../../../arm-none-eabi/lib/armv7-m\libg_nano.a(lib_a-makebuf.o)
 .debug_frame   0x00001b48       0x28 c:/program files (x86)/cypress/psoc creator/4.4/psoc creator/import/gnu/arm/5.4.1/bin/../lib/gcc/arm-none-eabi/5.4.1/../../../../arm-none-eabi/lib/armv7-m\libg_nano.a(lib_a-memcpy-stub.o)
 .debug_frame   0x00001b70       0x20 c:/program files (x86)/cypress/psoc creator/4.4/psoc creator/import/gnu/arm/5.4.1/bin/../lib/gcc/arm-none-eabi/5.4.1/../../../../arm-none-eabi/lib/armv7-m\libg_nano.a(lib_a-memset.o)
 .debug_frame   0x00001b90       0x38 c:/program files (x86)/cypress/psoc creator/4.4/psoc creator/import/gnu/arm/5.4.1/bin/../lib/gcc/arm-none-eabi/5.4.1/../../../../arm-none-eabi/lib/armv7-m\libg_nano.a(lib_a-nano-freer.o)
 .debug_frame   0x00001bc8       0x2c c:/program files (x86)/cypress/psoc creator/4.4/psoc creator/import/gnu/arm/5.4.1/bin/../lib/gcc/arm-none-eabi/5.4.1/../../../../arm-none-eabi/lib/armv7-m\libg_nano.a(lib_a-nano-mallocr.o)
 .debug_frame   0x00001bf4       0xac c:/program files (x86)/cypress/psoc creator/4.4/psoc creator/import/gnu/arm/5.4.1/bin/../lib/gcc/arm-none-eabi/5.4.1/../../../../arm-none-eabi/lib/armv7-m\libg_nano.a(lib_a-nano-vfprintf.o)
 .debug_frame   0x00001ca0       0x60 c:/program files (x86)/cypress/psoc creator/4.4/psoc creator/import/gnu/arm/5.4.1/bin/../lib/gcc/arm-none-eabi/5.4.1/../../../../arm-none-eabi/lib/armv7-m\libg_nano.a(lib_a-nano-vfprintf_i.o)
 .debug_frame   0x00001d00       0x2c c:/program files (x86)/cypress/psoc creator/4.4/psoc creator/import/gnu/arm/5.4.1/bin/../lib/gcc/arm-none-eabi/5.4.1/../../../../arm-none-eabi/lib/armv7-m\libg_nano.a(lib_a-openr.o)
 .debug_frame   0x00001d2c       0x3c c:/program files (x86)/cypress/psoc creator/4.4/psoc creator/import/gnu/arm/5.4.1/bin/../lib/gcc/arm-none-eabi/5.4.1/../../../../arm-none-eabi/lib/armv7-m\libg_nano.a(lib_a-puts.o)
 .debug_frame   0x00001d68       0x5c c:/program files (x86)/cypress/psoc creator/4.4/psoc creator/import/gnu/arm/5.4.1/bin/../lib/gcc/arm-none-eabi/5.4.1/../../../../arm-none-eabi/lib/armv7-m\libg_nano.a(lib_a-reent.o)
 .debug_frame   0x00001dc4       0x2c c:/program files (x86)/cypress/psoc creator/4.4/psoc creator/import/gnu/arm/5.4.1/bin/../lib/gcc/arm-none-eabi/5.4.1/../../../../arm-none-eabi/lib/armv7-m\libg_nano.a(lib_a-sbrkr.o)
 .debug_frame   0x00001df0       0x88 c:/program files (x86)/cypress/psoc creator/4.4/psoc creator/import/gnu/arm/5.4.1/bin/../lib/gcc/arm-none-eabi/5.4.1/../../../../arm-none-eabi/lib/armv7-m\libg_nano.a(lib_a-stdio.o)
 .debug_frame   0x00001e78       0x40 c:/program files (x86)/cypress/psoc creator/4.4/psoc creator/import/gnu/arm/5.4.1/bin/../lib/gcc/arm-none-eabi/5.4.1/../../../../arm-none-eabi/lib/armv7-m\libg_nano.a(lib_a-wbuf.o)
 .debug_frame   0x00001eb8       0x2c c:/program files (x86)/cypress/psoc creator/4.4/psoc creator/import/gnu/arm/5.4.1/bin/../lib/gcc/arm-none-eabi/5.4.1/../../../../arm-none-eabi/lib/armv7-m\libg_nano.a(lib_a-writer.o)
 .debug_frame   0x00001ee4       0x2c c:/program files (x86)/cypress/psoc creator/4.4/psoc creator/import/gnu/arm/5.4.1/bin/../lib/gcc/arm-none-eabi/5.4.1/../../../../arm-none-eabi/lib/armv7-m\libg_nano.a(lib_a-wsetup.o)
 .debug_frame   0x00001f10       0x2c c:/program files (x86)/cypress/psoc creator/4.4/psoc creator/import/gnu/arm/5.4.1/bin/../lib/gcc/arm-none-eabi/5.4.1/../../../../arm-none-eabi/lib/armv7-m\libg_nano.a(lib_a-closer.o)
 .debug_frame   0x00001f3c       0x2c c:/program files (x86)/cypress/psoc creator/4.4/psoc creator/import/gnu/arm/5.4.1/bin/../lib/gcc/arm-none-eabi/5.4.1/../../../../arm-none-eabi/lib/armv7-m\libg_nano.a(lib_a-flags.o)
 .debug_frame   0x00001f68       0x2c c:/program files (x86)/cypress/psoc creator/4.4/psoc creator/import/gnu/arm/5.4.1/bin/../lib/gcc/arm-none-eabi/5.4.1/../../../../arm-none-eabi/lib/armv7-m\libg_nano.a(lib_a-fstatr.o)
 .debug_frame   0x00001f94       0x3c c:/program files (x86)/cypress/psoc creator/4.4/psoc creator/import/gnu/arm/5.4.1/bin/../lib/gcc/arm-none-eabi/5.4.1/../../../../arm-none-eabi/lib/armv7-m\libg_nano.a(lib_a-fvwrite.o)
 .debug_frame   0x00001fd0       0x2c c:/program files (x86)/cypress/psoc creator/4.4/psoc creator/import/gnu/arm/5.4.1/bin/../lib/gcc/arm-none-eabi/5.4.1/../../../../arm-none-eabi/lib/armv7-m\libg_nano.a(lib_a-isattyr.o)
 .debug_frame   0x00001ffc       0x2c c:/program files (x86)/cypress/psoc creator/4.4/psoc creator/import/gnu/arm/5.4.1/bin/../lib/gcc/arm-none-eabi/5.4.1/../../../../arm-none-eabi/lib/armv7-m\libg_nano.a(lib_a-lseekr.o)
 .debug_frame   0x00002028       0x28 c:/program files (x86)/cypress/psoc creator/4.4/psoc creator/import/gnu/arm/5.4.1/bin/../lib/gcc/arm-none-eabi/5.4.1/../../../../arm-none-eabi/lib/armv7-m\libg_nano.a(lib_a-memchr-stub.o)
 .debug_frame   0x00002050       0x28 c:/program files (x86)/cypress/psoc creator/4.4/psoc creator/import/gnu/arm/5.4.1/bin/../lib/gcc/arm-none-eabi/5.4.1/../../../../arm-none-eabi/lib/armv7-m\libg_nano.a(lib_a-memmove.o)
 .debug_frame   0x00002078       0x30 c:/program files (x86)/cypress/psoc creator/4.4/psoc creator/import/gnu/arm/5.4.1/bin/../lib/gcc/arm-none-eabi/5.4.1/../../../../arm-none-eabi/lib/armv7-m\libg_nano.a(lib_a-mlock.o)
 .debug_frame   0x000020a8       0x3c c:/program files (x86)/cypress/psoc creator/4.4/psoc creator/import/gnu/arm/5.4.1/bin/../lib/gcc/arm-none-eabi/5.4.1/../../../../arm-none-eabi/lib/armv7-m\libg_nano.a(lib_a-nano-reallocr.o)
 .debug_frame   0x000020e4       0x2c c:/program files (x86)/cypress/psoc creator/4.4/psoc creator/import/gnu/arm/5.4.1/bin/../lib/gcc/arm-none-eabi/5.4.1/../../../../arm-none-eabi/lib/armv7-m\libg_nano.a(lib_a-readr.o)
 .debug_frame   0x00002110       0x20 c:/program files (x86)/cypress/psoc creator/4.4/psoc creator/import/gnu/arm/5.4.1/bin/../lib/gcc/arm-none-eabi/5.4.1/../../../../arm-none-eabi/lib/armv7-m\libg_nano.a(lib_a-nano-msizer.o)
 .debug_frame   0x00002130       0x20 c:/program files (x86)/cypress/psoc creator/4.4/psoc creator/import/gnu/arm/5.4.1/bin/../lib/gcc/arm-none-eabi/5.4.1/../../../../arm-none-eabi/lib/armv7-m\libnosys.a(close.o)
 .debug_frame   0x00002150       0x20 c:/program files (x86)/cypress/psoc creator/4.4/psoc creator/import/gnu/arm/5.4.1/bin/../lib/gcc/arm-none-eabi/5.4.1/../../../../arm-none-eabi/lib/armv7-m\libnosys.a(fstat.o)
 .debug_frame   0x00002170       0x20 c:/program files (x86)/cypress/psoc creator/4.4/psoc creator/import/gnu/arm/5.4.1/bin/../lib/gcc/arm-none-eabi/5.4.1/../../../../arm-none-eabi/lib/armv7-m\libnosys.a(isatty.o)
 .debug_frame   0x00002190       0x20 c:/program files (x86)/cypress/psoc creator/4.4/psoc creator/import/gnu/arm/5.4.1/bin/../lib/gcc/arm-none-eabi/5.4.1/../../../../arm-none-eabi/lib/armv7-m\libnosys.a(lseek.o)
 .debug_frame   0x000021b0       0x20 c:/program files (x86)/cypress/psoc creator/4.4/psoc creator/import/gnu/arm/5.4.1/bin/../lib/gcc/arm-none-eabi/5.4.1/../../../../arm-none-eabi/lib/armv7-m\libnosys.a(open.o)
 .debug_frame   0x000021d0       0x20 c:/program files (x86)/cypress/psoc creator/4.4/psoc creator/import/gnu/arm/5.4.1/bin/../lib/gcc/arm-none-eabi/5.4.1/../../../../arm-none-eabi/lib/armv7-m\libnosys.a(read.o)
 .debug_frame   0x000021f0       0x20 c:/program files (x86)/cypress/psoc creator/4.4/psoc creator/import/gnu/arm/5.4.1/bin/../lib/gcc/arm-none-eabi/5.4.1/../../../../arm-none-eabi/lib/armv7-m\libnosys.a(write.o)

.debug_str      0x00000000     0x2472
 *(.debug_str)
 .debug_str     0x00000000      0x2ce .\CortexM3\ARM_GCC_541\Debug\main.o
                                0x316 (size before relaxing)
 .debug_str     0x000002ce       0x7e .\CortexM3\ARM_GCC_541\Debug\gpio_driver.o
                                0x28a (size before relaxing)
 .debug_str     0x0000034c      0x405 .\CortexM3\ARM_GCC_541\Debug\uart_driver.o
                                0x5ca (size before relaxing)
 .debug_str     0x00000751       0x62 .\CortexM3\ARM_GCC_541\Debug\pwm_driver.o
                                0x225 (size before relaxing)
 .debug_str     0x000007b3       0x2f .\CortexM3\ARM_GCC_541\Debug\timer_driver.o
                                0x1e5 (size before relaxing)
 .debug_str     0x000007e2       0x59 .\CortexM3\ARM_GCC_541\Debug\scheduler.o
                                0x332 (size before relaxing)
 .debug_str     0x0000083b      0x1b8 .\CortexM3\ARM_GCC_541\Debug\indicator_control_model.o
                                0x3c7 (size before relaxing)
 .debug_str     0x000009f3      0x1a9 .\CortexM3\ARM_GCC_541\Debug\cyfitter_cfg.o
                                0x34c (size before relaxing)
 .debug_str     0x00000b9c       0x75 .\CortexM3\ARM_GCC_541\Debug\cymetadata.o
                                0x1ec (size before relaxing)
 .debug_str     0x00000c11      0x13f .\CortexM3\ARM_GCC_541\Debug\Cm3Start.o
                                0x312 (size before relaxing)
 .debug_str     0x00000d50       0x78 .\CortexM3\ARM_GCC_541\Debug\MoonRider.a(Left_Button.o)
                                0x208 (size before relaxing)
 .debug_str     0x00000dc8       0x6c .\CortexM3\ARM_GCC_541\Debug\MoonRider.a(Right_Button.o)
                                0x20d (size before relaxing)
 .debug_str     0x00000e34      0x1a0 .\CortexM3\ARM_GCC_541\Debug\MoonRider.a(PWM_1.o)
                                0x366 (size before relaxing)
 .debug_str     0x00000fd4      0x141 .\CortexM3\ARM_GCC_541\Debug\MoonRider.a(PWM_2.o)
                                0x366 (size before relaxing)
 .debug_str     0x00001115      0x2bf .\CortexM3\ARM_GCC_541\Debug\MoonRider.a(UART_1.o)
                                0x4bb (size before relaxing)
 .debug_str     0x000013d4      0x134 .\CortexM3\ARM_GCC_541\Debug\MoonRider.a(Timer_1.o)
                                0x31d (size before relaxing)
 .debug_str     0x00001508      0x197 .\CortexM3\ARM_GCC_541\Debug\MoonRider.a(UART_1_IntClock.o)
                                0x356 (size before relaxing)
 .debug_str     0x0000169f      0x807 .\CortexM3\ARM_GCC_541\Debug\MoonRider.a(CyLib.o)
                                0xa4f (size before relaxing)
 .debug_str     0x00001ea6      0x365 .\CortexM3\ARM_GCC_541\Debug\MoonRider.a(cyPm.o)
                                0x73b (size before relaxing)
 .debug_str     0x0000220b      0x1bb .\CortexM3\ARM_GCC_541\Debug\MoonRider.a(CyFlash.o)
                                0x3c8 (size before relaxing)
 .debug_str     0x000023c6       0xac .\CortexM3\ARM_GCC_541\Debug\MoonRider.a(CySpc.o)
                                0x340 (size before relaxing)

.debug_loc      0x00000000     0x20e4
 *(.debug_loc)
 .debug_loc     0x00000000       0xb0 .\CortexM3\ARM_GCC_541\Debug\gpio_driver.o
 .debug_loc     0x000000b0       0x2c .\CortexM3\ARM_GCC_541\Debug\uart_driver.o
 .debug_loc     0x000000dc      0x14c .\CortexM3\ARM_GCC_541\Debug\pwm_driver.o
 .debug_loc     0x00000228       0x22 .\CortexM3\ARM_GCC_541\Debug\scheduler.o
 .debug_loc     0x0000024a      0x25a .\CortexM3\ARM_GCC_541\Debug\cyfitter_cfg.o
 .debug_loc     0x000004a4      0x144 .\CortexM3\ARM_GCC_541\Debug\Cm3Start.o
 .debug_loc     0x000005e8       0x42 .\CortexM3\ARM_GCC_541\Debug\MoonRider.a(Left_Button.o)
 .debug_loc     0x0000062a       0x42 .\CortexM3\ARM_GCC_541\Debug\MoonRider.a(Right_Button.o)
 .debug_loc     0x0000066c       0x26 .\CortexM3\ARM_GCC_541\Debug\MoonRider.a(PWM_1.o)
 .debug_loc     0x00000692       0x26 .\CortexM3\ARM_GCC_541\Debug\MoonRider.a(PWM_2.o)
 .debug_loc     0x000006b8      0x258 .\CortexM3\ARM_GCC_541\Debug\MoonRider.a(UART_1.o)
 .debug_loc     0x00000910      0x128 .\CortexM3\ARM_GCC_541\Debug\MoonRider.a(UART_1_IntClock.o)
 .debug_loc     0x00000a38      0xa11 .\CortexM3\ARM_GCC_541\Debug\MoonRider.a(CyLib.o)
 .debug_loc     0x00001449      0x1e4 .\CortexM3\ARM_GCC_541\Debug\MoonRider.a(cyPm.o)
 .debug_loc     0x0000162d      0x3b2 .\CortexM3\ARM_GCC_541\Debug\MoonRider.a(CyFlash.o)
 .debug_loc     0x000019df      0x705 .\CortexM3\ARM_GCC_541\Debug\MoonRider.a(CySpc.o)

.debug_macinfo
 *(.debug_macinfo)

.debug_ranges   0x00000000      0x868
 *(.debug_ranges)
 .debug_ranges  0x00000000       0x18 .\CortexM3\ARM_GCC_541\Debug\main.o
 .debug_ranges  0x00000018       0x20 .\CortexM3\ARM_GCC_541\Debug\gpio_driver.o
 .debug_ranges  0x00000038       0x20 .\CortexM3\ARM_GCC_541\Debug\uart_driver.o
 .debug_ranges  0x00000058       0x28 .\CortexM3\ARM_GCC_541\Debug\pwm_driver.o
 .debug_ranges  0x00000080       0x18 .\CortexM3\ARM_GCC_541\Debug\timer_driver.o
 .debug_ranges  0x00000098       0x18 .\CortexM3\ARM_GCC_541\Debug\scheduler.o
 .debug_ranges  0x000000b0       0x20 .\CortexM3\ARM_GCC_541\Debug\indicator_control_model.o
 .debug_ranges  0x000000d0       0x48 .\CortexM3\ARM_GCC_541\Debug\cyfitter_cfg.o
 .debug_ranges  0x00000118       0x38 .\CortexM3\ARM_GCC_541\Debug\Cm3Start.o
 .debug_ranges  0x00000150       0x28 .\CortexM3\ARM_GCC_541\Debug\MoonRider.a(Left_Button.o)
 .debug_ranges  0x00000178       0x28 .\CortexM3\ARM_GCC_541\Debug\MoonRider.a(Right_Button.o)
 .debug_ranges  0x000001a0       0x88 .\CortexM3\ARM_GCC_541\Debug\MoonRider.a(PWM_1.o)
 .debug_ranges  0x00000228       0x88 .\CortexM3\ARM_GCC_541\Debug\MoonRider.a(PWM_2.o)
 .debug_ranges  0x000002b0       0xe0 .\CortexM3\ARM_GCC_541\Debug\MoonRider.a(UART_1.o)
 .debug_ranges  0x00000390       0x78 .\CortexM3\ARM_GCC_541\Debug\MoonRider.a(Timer_1.o)
 .debug_ranges  0x00000408       0x60 .\CortexM3\ARM_GCC_541\Debug\MoonRider.a(UART_1_IntClock.o)
 .debug_ranges  0x00000468      0x290 .\CortexM3\ARM_GCC_541\Debug\MoonRider.a(CyLib.o)
 .debug_ranges  0x000006f8       0x88 .\CortexM3\ARM_GCC_541\Debug\MoonRider.a(cyPm.o)
 .debug_ranges  0x00000780       0x78 .\CortexM3\ARM_GCC_541\Debug\MoonRider.a(CyFlash.o)
 .debug_ranges  0x000007f8       0x70 .\CortexM3\ARM_GCC_541\Debug\MoonRider.a(CySpc.o)

.comment        0x00000000       0x6e
 .comment       0x00000000       0x6e .\CortexM3\ARM_GCC_541\Debug\main.o
                                 0x6f (size before relaxing)
 .comment       0x0000006e       0x6f .\CortexM3\ARM_GCC_541\Debug\gpio_driver.o
 .comment       0x0000006e       0x6f .\CortexM3\ARM_GCC_541\Debug\uart_driver.o
 .comment       0x0000006e       0x6f .\CortexM3\ARM_GCC_541\Debug\pwm_driver.o
 .comment       0x0000006e       0x6f .\CortexM3\ARM_GCC_541\Debug\timer_driver.o
 .comment       0x0000006e       0x6f .\CortexM3\ARM_GCC_541\Debug\scheduler.o
 .comment       0x0000006e       0x6f .\CortexM3\ARM_GCC_541\Debug\indicator_control_model.o
 .comment       0x0000006e       0x6f .\CortexM3\ARM_GCC_541\Debug\cyfitter_cfg.o
 .comment       0x0000006e       0x6f .\CortexM3\ARM_GCC_541\Debug\cymetadata.o
 .comment       0x0000006e       0x6f .\CortexM3\ARM_GCC_541\Debug\Cm3Start.o
 .comment       0x0000006e       0x6f .\CortexM3\ARM_GCC_541\Debug\MoonRider.a(Left_Button.o)
 .comment       0x0000006e       0x6f .\CortexM3\ARM_GCC_541\Debug\MoonRider.a(Right_Button.o)
 .comment       0x0000006e       0x6f .\CortexM3\ARM_GCC_541\Debug\MoonRider.a(PWM_1.o)
 .comment       0x0000006e       0x6f .\CortexM3\ARM_GCC_541\Debug\MoonRider.a(PWM_2.o)
 .comment       0x0000006e       0x6f .\CortexM3\ARM_GCC_541\Debug\MoonRider.a(UART_1.o)
 .comment       0x0000006e       0x6f .\CortexM3\ARM_GCC_541\Debug\MoonRider.a(Timer_1.o)
 .comment       0x0000006e       0x6f .\CortexM3\ARM_GCC_541\Debug\MoonRider.a(UART_1_IntClock.o)
 .comment       0x0000006e       0x6f .\CortexM3\ARM_GCC_541\Debug\MoonRider.a(CyLib.o)
 .comment       0x0000006e       0x6f .\CortexM3\ARM_GCC_541\Debug\MoonRider.a(cyPm.o)
 .comment       0x0000006e       0x6f .\CortexM3\ARM_GCC_541\Debug\MoonRider.a(CyFlash.o)
 .comment       0x0000006e       0x6f .\CortexM3\ARM_GCC_541\Debug\MoonRider.a(CySpc.o)

.debug_weaknames
 *(.debug_weaknames)

.debug_funcnames
 *(.debug_funcnames)

.debug_typenames
 *(.debug_typenames)

.debug_varnames
 *(.debug_varnames)

.note.gnu.arm.ident
 *(.note.gnu.arm.ident)

.ARM.attributes
                0x00000000       0x29
 *(.ARM.attributes)
 .ARM.attributes
                0x00000000       0x1d c:/program files (x86)/cypress/psoc creator/4.4/psoc creator/import/gnu/arm/5.4.1/bin/../lib/gcc/arm-none-eabi/5.4.1/armv7-m/crti.o
 .ARM.attributes
                0x0000001d       0x2d c:/program files (x86)/cypress/psoc creator/4.4/psoc creator/import/gnu/arm/5.4.1/bin/../lib/gcc/arm-none-eabi/5.4.1/armv7-m/crtbegin.o
 .ARM.attributes
                0x0000004a       0x1b c:/program files (x86)/cypress/psoc creator/4.4/psoc creator/import/gnu/arm/5.4.1/bin/../lib/gcc/arm-none-eabi/5.4.1/../../../../arm-none-eabi/lib/armv7-m/crt0.o
 .ARM.attributes
                0x00000065       0x33 .\CortexM3\ARM_GCC_541\Debug\main.o
 .ARM.attributes
                0x00000098       0x33 .\CortexM3\ARM_GCC_541\Debug\gpio_driver.o
 .ARM.attributes
                0x000000cb       0x33 .\CortexM3\ARM_GCC_541\Debug\uart_driver.o
 .ARM.attributes
                0x000000fe       0x33 .\CortexM3\ARM_GCC_541\Debug\pwm_driver.o
 .ARM.attributes
                0x00000131       0x33 .\CortexM3\ARM_GCC_541\Debug\timer_driver.o
 .ARM.attributes
                0x00000164       0x33 .\CortexM3\ARM_GCC_541\Debug\scheduler.o
 .ARM.attributes
                0x00000197       0x33 .\CortexM3\ARM_GCC_541\Debug\indicator_control_model.o
 .ARM.attributes
                0x000001ca       0x33 .\CortexM3\ARM_GCC_541\Debug\cyfitter_cfg.o
 .ARM.attributes
                0x000001fd       0x33 .\CortexM3\ARM_GCC_541\Debug\cymetadata.o
 .ARM.attributes
                0x00000230       0x33 .\CortexM3\ARM_GCC_541\Debug\Cm3Start.o
 .ARM.attributes
                0x00000263       0x33 .\CortexM3\ARM_GCC_541\Debug\MoonRider.a(Left_Button.o)
 .ARM.attributes
                0x00000296       0x33 .\CortexM3\ARM_GCC_541\Debug\MoonRider.a(Right_Button.o)
 .ARM.attributes
                0x000002c9       0x33 .\CortexM3\ARM_GCC_541\Debug\MoonRider.a(PWM_1.o)
 .ARM.attributes
                0x000002fc       0x33 .\CortexM3\ARM_GCC_541\Debug\MoonRider.a(PWM_2.o)
 .ARM.attributes
                0x0000032f       0x33 .\CortexM3\ARM_GCC_541\Debug\MoonRider.a(UART_1.o)
 .ARM.attributes
                0x00000362       0x33 .\CortexM3\ARM_GCC_541\Debug\MoonRider.a(Timer_1.o)
 .ARM.attributes
                0x00000395       0x33 .\CortexM3\ARM_GCC_541\Debug\MoonRider.a(UART_1_IntClock.o)
 .ARM.attributes
                0x000003c8       0x33 .\CortexM3\ARM_GCC_541\Debug\MoonRider.a(CyLib.o)
 .ARM.attributes
                0x000003fb       0x33 .\CortexM3\ARM_GCC_541\Debug\MoonRider.a(cyPm.o)
 .ARM.attributes
                0x0000042e       0x21 .\CortexM3\ARM_GCC_541\Debug\MoonRider.a(CyBootAsmGnu.o)
 .ARM.attributes
                0x0000044f       0x33 .\CortexM3\ARM_GCC_541\Debug\MoonRider.a(CyFlash.o)
 .ARM.attributes
                0x00000482       0x33 .\CortexM3\ARM_GCC_541\Debug\MoonRider.a(CySpc.o)
 .ARM.attributes
                0x000004b5       0x2d c:/program files (x86)/cypress/psoc creator/4.4/psoc creator/import/gnu/arm/5.4.1/bin/../lib/gcc/arm-none-eabi/5.4.1/../../../../arm-none-eabi/lib/armv7-m\libg_nano.a(lib_a-errno.o)
 .ARM.attributes
                0x000004e2       0x2d c:/program files (x86)/cypress/psoc creator/4.4/psoc creator/import/gnu/arm/5.4.1/bin/../lib/gcc/arm-none-eabi/5.4.1/../../../../arm-none-eabi/lib/armv7-m\libg_nano.a(lib_a-exit.o)
 .ARM.attributes
                0x0000050f       0x2d c:/program files (x86)/cypress/psoc creator/4.4/psoc creator/import/gnu/arm/5.4.1/bin/../lib/gcc/arm-none-eabi/5.4.1/../../../../arm-none-eabi/lib/armv7-m\libg_nano.a(lib_a-fclose.o)
 .ARM.attributes
                0x0000053c       0x2d c:/program files (x86)/cypress/psoc creator/4.4/psoc creator/import/gnu/arm/5.4.1/bin/../lib/gcc/arm-none-eabi/5.4.1/../../../../arm-none-eabi/lib/armv7-m\libg_nano.a(lib_a-fflush.o)
 .ARM.attributes
                0x00000569       0x2d c:/program files (x86)/cypress/psoc creator/4.4/psoc creator/import/gnu/arm/5.4.1/bin/../lib/gcc/arm-none-eabi/5.4.1/../../../../arm-none-eabi/lib/armv7-m\libg_nano.a(lib_a-findfp.o)
 .ARM.attributes
                0x00000596       0x2d c:/program files (x86)/cypress/psoc creator/4.4/psoc creator/import/gnu/arm/5.4.1/bin/../lib/gcc/arm-none-eabi/5.4.1/../../../../arm-none-eabi/lib/armv7-m\libg_nano.a(lib_a-fopen.o)
 .ARM.attributes
                0x000005c3       0x2d c:/program files (x86)/cypress/psoc creator/4.4/psoc creator/import/gnu/arm/5.4.1/bin/../lib/gcc/arm-none-eabi/5.4.1/../../../../arm-none-eabi/lib/armv7-m\libg_nano.a(lib_a-fprintf.o)
 .ARM.attributes
                0x000005f0       0x2d c:/program files (x86)/cypress/psoc creator/4.4/psoc creator/import/gnu/arm/5.4.1/bin/../lib/gcc/arm-none-eabi/5.4.1/../../../../arm-none-eabi/lib/armv7-m\libg_nano.a(lib_a-fseek.o)
 .ARM.attributes
                0x0000061d       0x2d c:/program files (x86)/cypress/psoc creator/4.4/psoc creator/import/gnu/arm/5.4.1/bin/../lib/gcc/arm-none-eabi/5.4.1/../../../../arm-none-eabi/lib/armv7-m\libg_nano.a(lib_a-fseeko.o)
 .ARM.attributes
                0x0000064a       0x2d c:/program files (x86)/cypress/psoc creator/4.4/psoc creator/import/gnu/arm/5.4.1/bin/../lib/gcc/arm-none-eabi/5.4.1/../../../../arm-none-eabi/lib/armv7-m\libg_nano.a(lib_a-fwalk.o)
 .ARM.attributes
                0x00000677       0x2d c:/program files (x86)/cypress/psoc creator/4.4/psoc creator/import/gnu/arm/5.4.1/bin/../lib/gcc/arm-none-eabi/5.4.1/../../../../arm-none-eabi/lib/armv7-m\libg_nano.a(lib_a-impure.o)
 .ARM.attributes
                0x000006a4       0x2d c:/program files (x86)/cypress/psoc creator/4.4/psoc creator/import/gnu/arm/5.4.1/bin/../lib/gcc/arm-none-eabi/5.4.1/../../../../arm-none-eabi/lib/armv7-m\libg_nano.a(lib_a-init.o)
 .ARM.attributes
                0x000006d1       0x2d c:/program files (x86)/cypress/psoc creator/4.4/psoc creator/import/gnu/arm/5.4.1/bin/../lib/gcc/arm-none-eabi/5.4.1/../../../../arm-none-eabi/lib/armv7-m\libg_nano.a(lib_a-makebuf.o)
 .ARM.attributes
                0x000006fe       0x2d c:/program files (x86)/cypress/psoc creator/4.4/psoc creator/import/gnu/arm/5.4.1/bin/../lib/gcc/arm-none-eabi/5.4.1/../../../../arm-none-eabi/lib/armv7-m\libg_nano.a(lib_a-memcpy-stub.o)
 .ARM.attributes
                0x0000072b       0x2d c:/program files (x86)/cypress/psoc creator/4.4/psoc creator/import/gnu/arm/5.4.1/bin/../lib/gcc/arm-none-eabi/5.4.1/../../../../arm-none-eabi/lib/armv7-m\libg_nano.a(lib_a-memset.o)
 .ARM.attributes
                0x00000758       0x2d c:/program files (x86)/cypress/psoc creator/4.4/psoc creator/import/gnu/arm/5.4.1/bin/../lib/gcc/arm-none-eabi/5.4.1/../../../../arm-none-eabi/lib/armv7-m\libg_nano.a(lib_a-nano-freer.o)
 .ARM.attributes
                0x00000785       0x2d c:/program files (x86)/cypress/psoc creator/4.4/psoc creator/import/gnu/arm/5.4.1/bin/../lib/gcc/arm-none-eabi/5.4.1/../../../../arm-none-eabi/lib/armv7-m\libg_nano.a(lib_a-nano-mallocr.o)
 .ARM.attributes
                0x000007b2       0x2d c:/program files (x86)/cypress/psoc creator/4.4/psoc creator/import/gnu/arm/5.4.1/bin/../lib/gcc/arm-none-eabi/5.4.1/../../../../arm-none-eabi/lib/armv7-m\libg_nano.a(lib_a-nano-vfprintf.o)
 .ARM.attributes
                0x000007df       0x2d c:/program files (x86)/cypress/psoc creator/4.4/psoc creator/import/gnu/arm/5.4.1/bin/../lib/gcc/arm-none-eabi/5.4.1/../../../../arm-none-eabi/lib/armv7-m\libg_nano.a(lib_a-nano-vfprintf_i.o)
 .ARM.attributes
                0x0000080c       0x2d c:/program files (x86)/cypress/psoc creator/4.4/psoc creator/import/gnu/arm/5.4.1/bin/../lib/gcc/arm-none-eabi/5.4.1/../../../../arm-none-eabi/lib/armv7-m\libg_nano.a(lib_a-openr.o)
 .ARM.attributes
                0x00000839       0x2d c:/program files (x86)/cypress/psoc creator/4.4/psoc creator/import/gnu/arm/5.4.1/bin/../lib/gcc/arm-none-eabi/5.4.1/../../../../arm-none-eabi/lib/armv7-m\libg_nano.a(lib_a-puts.o)
 .ARM.attributes
                0x00000866       0x2d c:/program files (x86)/cypress/psoc creator/4.4/psoc creator/import/gnu/arm/5.4.1/bin/../lib/gcc/arm-none-eabi/5.4.1/../../../../arm-none-eabi/lib/armv7-m\libg_nano.a(lib_a-reent.o)
 .ARM.attributes
                0x00000893       0x2d c:/program files (x86)/cypress/psoc creator/4.4/psoc creator/import/gnu/arm/5.4.1/bin/../lib/gcc/arm-none-eabi/5.4.1/../../../../arm-none-eabi/lib/armv7-m\libg_nano.a(lib_a-sbrkr.o)
 .ARM.attributes
                0x000008c0       0x2d c:/program files (x86)/cypress/psoc creator/4.4/psoc creator/import/gnu/arm/5.4.1/bin/../lib/gcc/arm-none-eabi/5.4.1/../../../../arm-none-eabi/lib/armv7-m\libg_nano.a(lib_a-stdio.o)
 .ARM.attributes
                0x000008ed       0x2d c:/program files (x86)/cypress/psoc creator/4.4/psoc creator/import/gnu/arm/5.4.1/bin/../lib/gcc/arm-none-eabi/5.4.1/../../../../arm-none-eabi/lib/armv7-m\libg_nano.a(lib_a-wbuf.o)
 .ARM.attributes
                0x0000091a       0x2d c:/program files (x86)/cypress/psoc creator/4.4/psoc creator/import/gnu/arm/5.4.1/bin/../lib/gcc/arm-none-eabi/5.4.1/../../../../arm-none-eabi/lib/armv7-m\libg_nano.a(lib_a-writer.o)
 .ARM.attributes
                0x00000947       0x2d c:/program files (x86)/cypress/psoc creator/4.4/psoc creator/import/gnu/arm/5.4.1/bin/../lib/gcc/arm-none-eabi/5.4.1/../../../../arm-none-eabi/lib/armv7-m\libg_nano.a(lib_a-wsetup.o)
 .ARM.attributes
                0x00000974       0x2d c:/program files (x86)/cypress/psoc creator/4.4/psoc creator/import/gnu/arm/5.4.1/bin/../lib/gcc/arm-none-eabi/5.4.1/../../../../arm-none-eabi/lib/armv7-m\libg_nano.a(lib_a-closer.o)
 .ARM.attributes
                0x000009a1       0x2d c:/program files (x86)/cypress/psoc creator/4.4/psoc creator/import/gnu/arm/5.4.1/bin/../lib/gcc/arm-none-eabi/5.4.1/../../../../arm-none-eabi/lib/armv7-m\libg_nano.a(lib_a-flags.o)
 .ARM.attributes
                0x000009ce       0x2d c:/program files (x86)/cypress/psoc creator/4.4/psoc creator/import/gnu/arm/5.4.1/bin/../lib/gcc/arm-none-eabi/5.4.1/../../../../arm-none-eabi/lib/armv7-m\libg_nano.a(lib_a-fstatr.o)
 .ARM.attributes
                0x000009fb       0x2d c:/program files (x86)/cypress/psoc creator/4.4/psoc creator/import/gnu/arm/5.4.1/bin/../lib/gcc/arm-none-eabi/5.4.1/../../../../arm-none-eabi/lib/armv7-m\libg_nano.a(lib_a-fvwrite.o)
 .ARM.attributes
                0x00000a28       0x2d c:/program files (x86)/cypress/psoc creator/4.4/psoc creator/import/gnu/arm/5.4.1/bin/../lib/gcc/arm-none-eabi/5.4.1/../../../../arm-none-eabi/lib/armv7-m\libg_nano.a(lib_a-isattyr.o)
 .ARM.attributes
                0x00000a55       0x2d c:/program files (x86)/cypress/psoc creator/4.4/psoc creator/import/gnu/arm/5.4.1/bin/../lib/gcc/arm-none-eabi/5.4.1/../../../../arm-none-eabi/lib/armv7-m\libg_nano.a(lib_a-lseekr.o)
 .ARM.attributes
                0x00000a82       0x2d c:/program files (x86)/cypress/psoc creator/4.4/psoc creator/import/gnu/arm/5.4.1/bin/../lib/gcc/arm-none-eabi/5.4.1/../../../../arm-none-eabi/lib/armv7-m\libg_nano.a(lib_a-memchr-stub.o)
 .ARM.attributes
                0x00000aaf       0x2d c:/program files (x86)/cypress/psoc creator/4.4/psoc creator/import/gnu/arm/5.4.1/bin/../lib/gcc/arm-none-eabi/5.4.1/../../../../arm-none-eabi/lib/armv7-m\libg_nano.a(lib_a-memmove.o)
 .ARM.attributes
                0x00000adc       0x2d c:/program files (x86)/cypress/psoc creator/4.4/psoc creator/import/gnu/arm/5.4.1/bin/../lib/gcc/arm-none-eabi/5.4.1/../../../../arm-none-eabi/lib/armv7-m\libg_nano.a(lib_a-mlock.o)
 .ARM.attributes
                0x00000b09       0x2d c:/program files (x86)/cypress/psoc creator/4.4/psoc creator/import/gnu/arm/5.4.1/bin/../lib/gcc/arm-none-eabi/5.4.1/../../../../arm-none-eabi/lib/armv7-m\libg_nano.a(lib_a-nano-reallocr.o)
 .ARM.attributes
                0x00000b36       0x2d c:/program files (x86)/cypress/psoc creator/4.4/psoc creator/import/gnu/arm/5.4.1/bin/../lib/gcc/arm-none-eabi/5.4.1/../../../../arm-none-eabi/lib/armv7-m\libg_nano.a(lib_a-readr.o)
 .ARM.attributes
                0x00000b63       0x2d c:/program files (x86)/cypress/psoc creator/4.4/psoc creator/import/gnu/arm/5.4.1/bin/../lib/gcc/arm-none-eabi/5.4.1/../../../../arm-none-eabi/lib/armv7-m\libg_nano.a(lib_a-nano-msizer.o)
 .ARM.attributes
                0x00000b90       0x2d c:/program files (x86)/cypress/psoc creator/4.4/psoc creator/import/gnu/arm/5.4.1/bin/../lib/gcc/arm-none-eabi/5.4.1/armv7-m/crtend.o
 .ARM.attributes
                0x00000bbd       0x1d c:/program files (x86)/cypress/psoc creator/4.4/psoc creator/import/gnu/arm/5.4.1/bin/../lib/gcc/arm-none-eabi/5.4.1/armv7-m/crtn.o
 .ARM.attributes
                0x00000bda       0x2d c:/program files (x86)/cypress/psoc creator/4.4/psoc creator/import/gnu/arm/5.4.1/bin/../lib/gcc/arm-none-eabi/5.4.1/../../../../arm-none-eabi/lib/armv7-m\libnosys.a(close.o)
 .ARM.attributes
                0x00000c07       0x2d c:/program files (x86)/cypress/psoc creator/4.4/psoc creator/import/gnu/arm/5.4.1/bin/../lib/gcc/arm-none-eabi/5.4.1/../../../../arm-none-eabi/lib/armv7-m\libnosys.a(fstat.o)
 .ARM.attributes
                0x00000c34       0x2d c:/program files (x86)/cypress/psoc creator/4.4/psoc creator/import/gnu/arm/5.4.1/bin/../lib/gcc/arm-none-eabi/5.4.1/../../../../arm-none-eabi/lib/armv7-m\libnosys.a(isatty.o)
 .ARM.attributes
                0x00000c61       0x2d c:/program files (x86)/cypress/psoc creator/4.4/psoc creator/import/gnu/arm/5.4.1/bin/../lib/gcc/arm-none-eabi/5.4.1/../../../../arm-none-eabi/lib/armv7-m\libnosys.a(lseek.o)
 .ARM.attributes
                0x00000c8e       0x2d c:/program files (x86)/cypress/psoc creator/4.4/psoc creator/import/gnu/arm/5.4.1/bin/../lib/gcc/arm-none-eabi/5.4.1/../../../../arm-none-eabi/lib/armv7-m\libnosys.a(open.o)
 .ARM.attributes
                0x00000cbb       0x2d c:/program files (x86)/cypress/psoc creator/4.4/psoc creator/import/gnu/arm/5.4.1/bin/../lib/gcc/arm-none-eabi/5.4.1/../../../../arm-none-eabi/lib/armv7-m\libnosys.a(read.o)
 .ARM.attributes
                0x00000ce8       0x2d c:/program files (x86)/cypress/psoc creator/4.4/psoc creator/import/gnu/arm/5.4.1/bin/../lib/gcc/arm-none-eabi/5.4.1/../../../../arm-none-eabi/lib/armv7-m\libnosys.a(write.o)

/DISCARD/
 *(.note.GNU-stack)
OUTPUT(C:\Users\siman\OneDrive\Documents\PSoC Creator\Assignment\MoonRider.cydsn\CortexM3\ARM_GCC_541\Debug\MoonRider.elf elf32-littlearm)
